Archive member included because of file (symbol)

c:/program files (x86)/gnu tools arm embedded/4.9 2015q3/bin/../lib/gcc/arm-none-eabi/4.9.3/armv7-m\libgcc.a(_arm_addsubdf3.o)
                              build\dc_stk3600\emb6\src\apl\er-coap\er-coap-transactions.o (__aeabi_dadd)
c:/program files (x86)/gnu tools arm embedded/4.9 2015q3/bin/../lib/gcc/arm-none-eabi/4.9.3/armv7-m\libgcc.a(_arm_muldivdf3.o)
                              build\dc_stk3600\emb6\src\apl\er-coap\er-coap-transactions.o (__aeabi_dmul)
c:/program files (x86)/gnu tools arm embedded/4.9 2015q3/bin/../lib/gcc/arm-none-eabi/4.9.3/armv7-m\libgcc.a(_arm_fixdfsi.o)
                              build\dc_stk3600\emb6\src\apl\er-coap\er-coap-transactions.o (__aeabi_d2iz)
c:/program files (x86)/gnu tools arm embedded/4.9 2015q3/bin/../lib/gcc/arm-none-eabi/4.9.3/armv7-m\libgcc.a(_aeabi_uldivmod.o)
                              build\dc_stk3600\target\arch\arm\cm3\silabs\device\common\src\rtcdriver.o (__aeabi_uldivmod)
c:/program files (x86)/gnu tools arm embedded/4.9 2015q3/bin/../lib/gcc/arm-none-eabi/4.9.3/armv7-m\libgcc.a(bpabi.o)
                              c:/program files (x86)/gnu tools arm embedded/4.9 2015q3/bin/../lib/gcc/arm-none-eabi/4.9.3/armv7-m\libgcc.a(_aeabi_uldivmod.o) (__gnu_uldivmod_helper)
c:/program files (x86)/gnu tools arm embedded/4.9 2015q3/bin/../lib/gcc/arm-none-eabi/4.9.3/armv7-m\libgcc.a(_dvmd_tls.o)
                              c:/program files (x86)/gnu tools arm embedded/4.9 2015q3/bin/../lib/gcc/arm-none-eabi/4.9.3/armv7-m\libgcc.a(_aeabi_uldivmod.o) (__aeabi_ldiv0)
c:/program files (x86)/gnu tools arm embedded/4.9 2015q3/bin/../lib/gcc/arm-none-eabi/4.9.3/armv7-m\libgcc.a(_divdi3.o)
                              c:/program files (x86)/gnu tools arm embedded/4.9 2015q3/bin/../lib/gcc/arm-none-eabi/4.9.3/armv7-m\libgcc.a(bpabi.o) (__divdi3)
c:/program files (x86)/gnu tools arm embedded/4.9 2015q3/bin/../lib/gcc/arm-none-eabi/4.9.3/armv7-m\libgcc.a(_udivdi3.o)
                              c:/program files (x86)/gnu tools arm embedded/4.9 2015q3/bin/../lib/gcc/arm-none-eabi/4.9.3/armv7-m\libgcc.a(bpabi.o) (__udivdi3)
c:/program files (x86)/gnu tools arm embedded/4.9 2015q3/bin/../lib/gcc/arm-none-eabi/4.9.3/../../../../arm-none-eabi/lib/armv7-m\libc.a(lib_a-assert.o)
                              build\dc_stk3600\emb6\src\net\dtls\ccm.o (__assert_func)
c:/program files (x86)/gnu tools arm embedded/4.9 2015q3/bin/../lib/gcc/arm-none-eabi/4.9.3/../../../../arm-none-eabi/lib/armv7-m\libc.a(lib_a-exit.o)
                              c:/program files (x86)/gnu tools arm embedded/4.9 2015q3/bin/../lib/gcc/arm-none-eabi/4.9.3/../../../../arm-none-eabi/lib/armv7-m/rdimon-crt0.o (exit)
c:/program files (x86)/gnu tools arm embedded/4.9 2015q3/bin/../lib/gcc/arm-none-eabi/4.9.3/../../../../arm-none-eabi/lib/armv7-m\libc.a(lib_a-fflush.o)
                              build\dc_stk3600\emb6\src\net\dtls\dtls.o (fflush)
c:/program files (x86)/gnu tools arm embedded/4.9 2015q3/bin/../lib/gcc/arm-none-eabi/4.9.3/../../../../arm-none-eabi/lib/armv7-m\libc.a(lib_a-findfp.o)
                              c:/program files (x86)/gnu tools arm embedded/4.9 2015q3/bin/../lib/gcc/arm-none-eabi/4.9.3/../../../../arm-none-eabi/lib/armv7-m\libc.a(lib_a-fflush.o) (__sinit)
c:/program files (x86)/gnu tools arm embedded/4.9 2015q3/bin/../lib/gcc/arm-none-eabi/4.9.3/../../../../arm-none-eabi/lib/armv7-m\libc.a(lib_a-fiprintf.o)
                              c:/program files (x86)/gnu tools arm embedded/4.9 2015q3/bin/../lib/gcc/arm-none-eabi/4.9.3/../../../../arm-none-eabi/lib/armv7-m\libc.a(lib_a-assert.o) (fiprintf)
c:/program files (x86)/gnu tools arm embedded/4.9 2015q3/bin/../lib/gcc/arm-none-eabi/4.9.3/../../../../arm-none-eabi/lib/armv7-m\libc.a(lib_a-freer.o)
                              c:/program files (x86)/gnu tools arm embedded/4.9 2015q3/bin/../lib/gcc/arm-none-eabi/4.9.3/../../../../arm-none-eabi/lib/armv7-m\libc.a(lib_a-fflush.o) (_free_r)
c:/program files (x86)/gnu tools arm embedded/4.9 2015q3/bin/../lib/gcc/arm-none-eabi/4.9.3/../../../../arm-none-eabi/lib/armv7-m\libc.a(lib_a-fwalk.o)
                              c:/program files (x86)/gnu tools arm embedded/4.9 2015q3/bin/../lib/gcc/arm-none-eabi/4.9.3/../../../../arm-none-eabi/lib/armv7-m\libc.a(lib_a-findfp.o) (_fwalk)
c:/program files (x86)/gnu tools arm embedded/4.9 2015q3/bin/../lib/gcc/arm-none-eabi/4.9.3/../../../../arm-none-eabi/lib/armv7-m\libc.a(lib_a-impure.o)
                              c:/program files (x86)/gnu tools arm embedded/4.9 2015q3/bin/../lib/gcc/arm-none-eabi/4.9.3/../../../../arm-none-eabi/lib/armv7-m\libc.a(lib_a-exit.o) (_global_impure_ptr)
c:/program files (x86)/gnu tools arm embedded/4.9 2015q3/bin/../lib/gcc/arm-none-eabi/4.9.3/../../../../arm-none-eabi/lib/armv7-m\libc.a(lib_a-init.o)
[...]
Memory Configuration

Name             Origin             Length             Attributes
FLASH            0x00000000         0x00040000         xr
RAM              0x20000000         0x00008000         xrw
*default*        0x00000000         0xffffffff

Linker script and memory map

LOAD c:/program files (x86)/gnu tools arm embedded/4.9 2015q3/bin/../lib/gcc/arm-none-eabi/4.9.3/armv7-m/crti.o
LOAD c:/program files (x86)/gnu tools arm embedded/4.9 2015q3/bin/../lib/gcc/arm-none-eabi/4.9.3/armv7-m/crtbegin.o
LOAD c:/program files (x86)/gnu tools arm embedded/4.9 2015q3/bin/../lib/gcc/arm-none-eabi/4.9.3/../../../../arm-none-eabi/lib/armv7-m/rdimon-crt0.o
LOAD build\dc_stk3600\demo\demo_main.o
LOAD build\dc_stk3600\demo\dtls\client\demo_dtls_cli.o
LOAD build\dc_stk3600\emb6\src\apl\er-coap\er-coap-block1.o
LOAD build\dc_stk3600\emb6\src\apl\er-coap\er-coap-engine.o
LOAD build\dc_stk3600\emb6\src\apl\er-coap\er-coap-observe.o
LOAD build\dc_stk3600\emb6\src\apl\er-coap\er-coap-res-well-known-core.o
LOAD build\dc_stk3600\emb6\src\apl\er-coap\er-coap-separate.o
LOAD build\dc_stk3600\emb6\src\apl\er-coap\er-coap-transactions.o
LOAD build\dc_stk3600\emb6\src\apl\er-coap\er-coap.o
LOAD build\dc_stk3600\emb6\src\apl\rest-engine\rest-engine.o
LOAD build\dc_stk3600\emb6\src\net\dtls\ccm.o
LOAD build\dc_stk3600\emb6\src\net\dtls\crypto.o
LOAD build\dc_stk3600\emb6\src\net\dtls\debug.o
LOAD build\dc_stk3600\emb6\src\net\dtls\dtls.o
LOAD build\dc_stk3600\emb6\src\net\dtls\dtls_time.o
LOAD build\dc_stk3600\emb6\src\net\dtls\hmac.o
LOAD build\dc_stk3600\emb6\src\net\dtls\netq.o
LOAD build\dc_stk3600\emb6\src\net\dtls\peer.o
LOAD build\dc_stk3600\emb6\src\net\dtls\session.o
LOAD build\dc_stk3600\emb6\src\net\dtls\aes\rijndael.o
LOAD build\dc_stk3600\emb6\src\net\dtls\ecc\ecc.o
LOAD build\dc_stk3600\emb6\src\net\dtls\sha2\sha2.o
LOAD build\dc_stk3600\emb6\src\tport\tcp-socket.o
LOAD build\dc_stk3600\emb6\src\tport\udp-socket.o
LOAD build\dc_stk3600\emb6\src\net\rpl\rpl-dag.o
LOAD build\dc_stk3600\emb6\src\net\rpl\rpl-ext-header.o
LOAD build\dc_stk3600\emb6\src\net\rpl\rpl-icmp6.o
LOAD build\dc_stk3600\emb6\src\net\rpl\rpl-mrhof.o
LOAD build\dc_stk3600\emb6\src\net\rpl\rpl-timers.o
LOAD build\dc_stk3600\emb6\src\net\rpl\rpl.o
LOAD build\dc_stk3600\emb6\src\net\ipv6\nbr-table.o
LOAD build\dc_stk3600\emb6\src\net\ipv6\tcpip.o
LOAD build\dc_stk3600\emb6\src\net\ipv6\uip-debug.o
LOAD build\dc_stk3600\emb6\src\net\ipv6\uip-ds6-nbr.o
LOAD build\dc_stk3600\emb6\src\net\ipv6\uip-ds6-route.o
LOAD build\dc_stk3600\emb6\src\net\ipv6\uip-ds6.o
LOAD build\dc_stk3600\emb6\src\net\ipv6\uip-icmp6.o
LOAD build\dc_stk3600\emb6\src\net\ipv6\uip-nameserver.o
LOAD build\dc_stk3600\emb6\src\net\ipv6\uip-nd6.o
LOAD build\dc_stk3600\emb6\src\net\ipv6\uip-packetqueue.o
LOAD build\dc_stk3600\emb6\src\net\ipv6\uip-split.o
LOAD build\dc_stk3600\emb6\src\net\ipv6\uip-udp-packet.o
LOAD build\dc_stk3600\emb6\src\net\ipv6\uip6.o
LOAD build\dc_stk3600\emb6\src\net\ipv6\uiplib.o
LOAD build\dc_stk3600\emb6\src\net\sicslowpan\sicslowpan.o
LOAD build\dc_stk3600\emb6\src\mac\llsec\nullsec.o
LOAD build\dc_stk3600\emb6\src\mac\mac.o
LOAD build\dc_stk3600\emb6\src\mac\nullmac.o
LOAD build\dc_stk3600\emb6\src\mac\sicslowmac.o
LOAD build\dc_stk3600\emb6\src\mac\frame802154.o
LOAD build\dc_stk3600\emb6\src\mac\framer.o
LOAD build\dc_stk3600\emb6\src\mac\framer-802154.o
LOAD build\dc_stk3600\emb6\src\mac\linkaddr.o
LOAD build\dc_stk3600\emb6\src\mac\rimestats.o
LOAD build\dc_stk3600\utils\src\ctimer.o
LOAD build\dc_stk3600\utils\src\etimer.o
LOAD build\dc_stk3600\utils\src\evproc.o
LOAD build\dc_stk3600\utils\src\list.o
LOAD build\dc_stk3600\utils\src\memb.o
LOAD build\dc_stk3600\utils\src\mmem.o
LOAD build\dc_stk3600\utils\src\packetbuf.o
LOAD build\dc_stk3600\utils\src\queuebuf.o
LOAD build\dc_stk3600\utils\src\random.o
LOAD build\dc_stk3600\utils\src\ringbuffer.o
LOAD build\dc_stk3600\utils\src\stimer.o
LOAD build\dc_stk3600\utils\src\timer.o
LOAD build\dc_stk3600\target\arch\arm\cm3\silabs\device\common\src\dmactrl.o
LOAD build\dc_stk3600\target\arch\arm\cm3\silabs\device\common\src\em_acmp.o
LOAD build\dc_stk3600\target\arch\arm\cm3\silabs\device\common\src\em_adc.o
LOAD build\dc_stk3600\target\arch\arm\cm3\silabs\device\common\src\em_assert.o
LOAD build\dc_stk3600\target\arch\arm\cm3\silabs\device\common\src\em_burtc.o
LOAD build\dc_stk3600\target\arch\arm\cm3\silabs\device\common\src\em_cmu.o
LOAD build\dc_stk3600\target\arch\arm\cm3\silabs\device\common\src\em_dac.o
LOAD build\dc_stk3600\target\arch\arm\cm3\silabs\device\common\src\em_dbg.o
LOAD build\dc_stk3600\target\arch\arm\cm3\silabs\device\common\src\em_dma.o
LOAD build\dc_stk3600\target\arch\arm\cm3\silabs\device\common\src\em_ebi.o
LOAD build\dc_stk3600\target\arch\arm\cm3\silabs\device\common\src\em_emu.o
LOAD build\dc_stk3600\target\arch\arm\cm3\silabs\device\common\src\em_gpio.o
LOAD build\dc_stk3600\target\arch\arm\cm3\silabs\device\common\src\em_i2c.o
LOAD build\dc_stk3600\target\arch\arm\cm3\silabs\device\common\src\em_idac.o
LOAD build\dc_stk3600\target\arch\arm\cm3\silabs\device\common\src\em_int.o
LOAD build\dc_stk3600\target\arch\arm\cm3\silabs\device\common\src\em_lcd.o
LOAD build\dc_stk3600\target\arch\arm\cm3\silabs\device\common\src\em_lesense.o
LOAD build\dc_stk3600\target\arch\arm\cm3\silabs\device\common\src\em_letimer.o
LOAD build\dc_stk3600\target\arch\arm\cm3\silabs\device\common\src\em_leuart.o
LOAD build\dc_stk3600\target\arch\arm\cm3\silabs\device\common\src\em_mpu.o
LOAD build\dc_stk3600\target\arch\arm\cm3\silabs\device\common\src\em_msc.o
LOAD build\dc_stk3600\target\arch\arm\cm3\silabs\device\common\src\em_opamp.o
LOAD build\dc_stk3600\target\arch\arm\cm3\silabs\device\common\src\em_pcnt.o
LOAD build\dc_stk3600\target\arch\arm\cm3\silabs\device\common\src\em_prs.o
LOAD build\dc_stk3600\target\arch\arm\cm3\silabs\device\common\src\em_rmu.o
LOAD build\dc_stk3600\target\arch\arm\cm3\silabs\device\common\src\em_rtc.o
LOAD build\dc_stk3600\target\arch\arm\cm3\silabs\device\common\src\em_system.o
LOAD build\dc_stk3600\target\arch\arm\cm3\silabs\device\common\src\em_timer.o
LOAD build\dc_stk3600\target\arch\arm\cm3\silabs\device\common\src\em_usart.o
LOAD build\dc_stk3600\target\arch\arm\cm3\silabs\device\common\src\em_vcmp.o
LOAD build\dc_stk3600\target\arch\arm\cm3\silabs\device\common\src\em_wdog.o
LOAD build\dc_stk3600\target\arch\arm\cm3\silabs\device\common\src\gpiointerrupt.o
LOAD build\dc_stk3600\target\arch\arm\cm3\silabs\device\common\src\nvm.o
LOAD build\dc_stk3600\target\arch\arm\cm3\silabs\device\common\src\nvm_config.o
LOAD build\dc_stk3600\target\arch\arm\cm3\silabs\device\common\src\nvm_hal.o
LOAD build\dc_stk3600\target\arch\arm\cm3\silabs\device\common\src\rtcdriver.o
LOAD build\dc_stk3600\target\arch\arm\cm3\silabs\device\common\src\spidrv.o
LOAD build\dc_stk3600\target\arch\arm\cm3\silabs\device\efm32lg\src\system_efm32lg.o
LOAD C:\Users\lucas\AppData\Local\Temp\ccmqmjhS.o
LOAD build\dc_stk3600\target\bsp\efm32stk3600\board_conf.o
LOAD build\dc_stk3600\target\bsp\bsp.o
LOAD build\dc_stk3600\target\mcu\efm32lg990f256\efm32lg990.o
LOAD build\dc_stk3600\target\if\at86rf212b\at86rf212b.o
LOAD build\dc_stk3600\emb6\emb6.o
START GROUP
LOAD c:/program files (x86)/gnu tools arm embedded/4.9 2015q3/bin/../lib/gcc/arm-none-eabi/4.9.3/armv7-m\libgcc.a
LOAD c:/program files (x86)/gnu tools arm embedded/4.9 2015q3/bin/../lib/gcc/arm-none-eabi/4.9.3/../../../../arm-none-eabi/lib/armv7-m\libc.a
END GROUP
START GROUP
LOAD c:/program files (x86)/gnu tools arm embedded/4.9 2015q3/bin/../lib/gcc/arm-none-eabi/4.9.3/armv7-m\libgcc.a
LOAD c:/program files (x86)/gnu tools arm embedded/4.9 2015q3/bin/../lib/gcc/arm-none-eabi/4.9.3/../../../../arm-none-eabi/lib/armv7-m\libc.a
LOAD c:/program files (x86)/gnu tools arm embedded/4.9 2015q3/bin/../lib/gcc/arm-none-eabi/4.9.3/../../../../arm-none-eabi/lib/armv7-m\librdimon.a
END GROUP
START GROUP
LOAD c:/program files (x86)/gnu tools arm embedded/4.9 2015q3/bin/../lib/gcc/arm-none-eabi/4.9.3/armv7-m\libgcc.a
LOAD c:/program files (x86)/gnu tools arm embedded/4.9 2015q3/bin/../lib/gcc/arm-none-eabi/4.9.3/../../../../arm-none-eabi/lib/armv7-m\libc.a
LOAD c:/program files (x86)/gnu tools arm embedded/4.9 2015q3/bin/../lib/gcc/arm-none-eabi/4.9.3/../../../../arm-none-eabi/lib/armv7-m\libnosys.a
END GROUP
LOAD c:/program files (x86)/gnu tools arm embedded/4.9 2015q3/bin/../lib/gcc/arm-none-eabi/4.9.3/armv7-m/crtend.o
LOAD c:/program files (x86)/gnu tools arm embedded/4.9 2015q3/bin/../lib/gcc/arm-none-eabi/4.9.3/armv7-m/crtn.o

.text           0x00000000    0x239b8
 *(.isr_vector)
 .isr_vector    0x00000000       0xdc C:\Users\lucas\AppData\Local\Temp\ccmqmjhS.o
                0x00000000                __isr_vector
 *(.text*)
 .text          0x000000dc       0x5c c:/program files (x86)/gnu tools arm embedded/4.9 2015q3/bin/../lib/gcc/arm-none-eabi/4.9.3/armv7-m/crtbegin.o
 .text          0x00000138       0xe8 c:/program files (x86)/gnu tools arm embedded/4.9 2015q3/bin/../lib/gcc/arm-none-eabi/4.9.3/../../../../arm-none-eabi/lib/armv7-m/rdimon-crt0.o
                0x00000138                _start
                0x00000138                _mainCRTStartup
 .text.loc_initialConfig
                0x00000220       0x30 build\dc_stk3600\demo\demo_main.o
 .text.loc_demoAppsConf
                0x00000250       0x24 build\dc_stk3600\demo\demo_main.o
 .text.loc_demoAppsInit
                0x00000274       0x18 build\dc_stk3600\demo\demo_main.o
 .text.main     0x0000028c       0x64 build\dc_stk3600\demo\demo_main.o
                0x0000028c                main
 .text.dtls_alert_create
                0x000002f0       0x28 build\dc_stk3600\demo\dtls\client\demo_dtls_cli.o
 .text.dtls_alert_fatal_create
                0x00000318       0x20 build\dc_stk3600\demo\dtls\client\demo_dtls_cli.o
 .text.dtls_set_handler
                0x00000338       0x1c build\dc_stk3600\demo\dtls\client\demo_dtls_cli.o
 .text.try_send
                0x00000354       0x64 build\dc_stk3600\demo\dtls\client\demo_dtls_cli.o
 .text.read_from_peer
                0x000003b8       0x4c build\dc_stk3600\demo\dtls\client\demo_dtls_cli.o
 .text.send_to_peer
                0x00000404       0x3c build\dc_stk3600\demo\dtls\client\demo_dtls_cli.o
 .text.get_psk_info
                0x00000440       0xb0 build\dc_stk3600\demo\dtls\client\demo_dtls_cli.o
 .text.get_ecdsa_key
                0x000004f0       0x24 build\dc_stk3600\demo\dtls\client\demo_dtls_cli.o
 .text.verify_ecdsa_key
                0x00000514       0x1c build\dc_stk3600\demo\dtls\client\demo_dtls_cli.o
 .text.dtls_handle_read
                0x00000530       0xa0 build\dc_stk3600\demo\dtls\client\demo_dtls_cli.o
 .text.set_connection_address
                0x000005d0       0x50 build\dc_stk3600\demo\dtls\client\demo_dtls_cli.o
 .text.init_dtls
                0x00000620       0xd0 build\dc_stk3600\demo\dtls\client\demo_dtls_cli.o
                0x00000620                init_dtls
 .text.demo_dtlsInit
                0x000006f0       0x60 build\dc_stk3600\demo\dtls\client\demo_dtls_cli.o
                0x000006f0                demo_dtlsInit
 .text.dtls_udp_callback
                0x00000750       0x14 build\dc_stk3600\demo\dtls\client\demo_dtls_cli.o
 .text.demo_dtlsConf
                0x00000764       0x9c build\dc_stk3600\demo\dtls\client\demo_dtls_cli.o
                0x00000764                demo_dtlsConf
 .text.memxor   0x00000800       0x40 build\dc_stk3600\emb6\src\net\dtls\ccm.o
 .text.equals   0x00000840       0x4c build\dc_stk3600\emb6\src\net\dtls\ccm.o
 .text.dtls_int_to_uint16
                0x0000088c       0x30 build\dc_stk3600\emb6\src\net\dtls\ccm.o
 .text.block0   0x000008bc       0x80 build\dc_stk3600\emb6\src\net\dtls\ccm.o
 .text.add_auth_data
                0x0000093c      0x118 build\dc_stk3600\emb6\src\net\dtls\ccm.o
 .text.encrypt  0x00000a54       0x98 build\dc_stk3600\emb6\src\net\dtls\ccm.o
 .text.mac      0x00000aec       0x50 build\dc_stk3600\emb6\src\net\dtls\ccm.o
 .text.dtls_ccm_encrypt_message
                0x00000b3c      0x1c0 build\dc_stk3600\emb6\src\net\dtls\ccm.o
                0x00000b3c                dtls_ccm_encrypt_message
 .text.dtls_ccm_decrypt_message
                0x00000cfc      0x1c0 build\dc_stk3600\emb6\src\net\dtls\ccm.o
                0x00000cfc                dtls_ccm_decrypt_message
 .text.dtls_int_to_uint16
                0x00000ebc       0x30 build\dc_stk3600\emb6\src\net\dtls\crypto.o
 .text.dtls_int_to_uint32
                0x00000eec       0x44 build\dc_stk3600\emb6\src\net\dtls\crypto.o
 .text.dtls_uint32_to_int
                0x00000f30       0x38 build\dc_stk3600\emb6\src\net\dtls\crypto.o
 .text.dtls_hash_init
                0x00000f68       0x14 build\dc_stk3600\emb6\src\net\dtls\crypto.o
 .text.dtls_hash_update
                0x00000f7c       0x1c build\dc_stk3600\emb6\src\net\dtls\crypto.o
 .text.dtls_hash_finalize
                0x00000f98       0x1c build\dc_stk3600\emb6\src\net\dtls\crypto.o
 .text.ecc_ecdh
                0x00000fb4       0x24 build\dc_stk3600\emb6\src\net\dtls\crypto.o
 .text.ecc_gen_pub_key
                0x00000fd8       0x2c build\dc_stk3600\emb6\src\net\dtls\crypto.o
 .text.dtls_prng
                0x00001004       0x54 build\dc_stk3600\emb6\src\net\dtls\crypto.o
 .text.dtls_cipher_context_get
                0x00001058       0x14 build\dc_stk3600\emb6\src\net\dtls\crypto.o
 .text.dtls_cipher_context_release
                0x0000106c        0xc build\dc_stk3600\emb6\src\net\dtls\crypto.o
 .text.crypto_init
                0x00001078       0x1c build\dc_stk3600\emb6\src\net\dtls\crypto.o
                0x00001078                crypto_init
 .text.dtls_handshake_malloc
                0x00001094       0x14 build\dc_stk3600\emb6\src\net\dtls\crypto.o
 .text.dtls_handshake_dealloc
                0x000010a8       0x1c build\dc_stk3600\emb6\src\net\dtls\crypto.o
 .text.dtls_security_malloc
                0x000010c4       0x14 build\dc_stk3600\emb6\src\net\dtls\crypto.o
 .text.dtls_security_dealloc
                0x000010d8       0x1c build\dc_stk3600\emb6\src\net\dtls\crypto.o
 .text.dtls_handshake_new
                0x000010f4       0x3c build\dc_stk3600\emb6\src\net\dtls\crypto.o
                0x000010f4                dtls_handshake_new
 .text.dtls_handshake_free
                0x00001130       0x28 build\dc_stk3600\emb6\src\net\dtls\crypto.o
                0x00001130                dtls_handshake_free
 .text.dtls_security_new
                0x00001158       0x3c build\dc_stk3600\emb6\src\net\dtls\crypto.o
                0x00001158                dtls_security_new
 .text.dtls_security_free
                0x00001194       0x1c build\dc_stk3600\emb6\src\net\dtls\crypto.o
                0x00001194                dtls_security_free
 .text.dtls_p_hash
                0x000011b0      0x1a4 build\dc_stk3600\emb6\src\net\dtls\crypto.o
                0x000011b0                dtls_p_hash
 .text.dtls_prf
                0x00001354       0x4c build\dc_stk3600\emb6\src\net\dtls\crypto.o
                0x00001354                dtls_prf
 .text.dtls_ccm_encrypt
                0x000013a0       0x58 build\dc_stk3600\emb6\src\net\dtls\crypto.o
 .text.dtls_ccm_decrypt
                0x000013f8       0x58 build\dc_stk3600\emb6\src\net\dtls\crypto.o
 .text.dtls_psk_pre_master_secret
                0x00001450       0x70 build\dc_stk3600\emb6\src\net\dtls\crypto.o
                0x00001450                dtls_psk_pre_master_secret
 .text.dtls_ec_key_to_uint32
                0x000014c0       0x44 build\dc_stk3600\emb6\src\net\dtls\crypto.o
 .text.dtls_ec_key_from_uint32
                0x00001504       0x40 build\dc_stk3600\emb6\src\net\dtls\crypto.o
 .text.dtls_ec_key_from_uint32_asn1
                0x00001544      0x170 build\dc_stk3600\emb6\src\net\dtls\crypto.o
                0x00001544                dtls_ec_key_from_uint32_asn1
 .text.dtls_ecdh_pre_master_secret
                0x000016b4       0x80 build\dc_stk3600\emb6\src\net\dtls\crypto.o
                0x000016b4                dtls_ecdh_pre_master_secret
 .text.dtls_ecdsa_generate_key
                0x00001734       0x70 build\dc_stk3600\emb6\src\net\dtls\crypto.o
                0x00001734                dtls_ecdsa_generate_key
 .text.dtls_ecdsa_create_sig_hash
                0x000017a4       0x60 build\dc_stk3600\emb6\src\net\dtls\crypto.o
                0x000017a4                dtls_ecdsa_create_sig_hash
 .text.dtls_ecdsa_create_sig
                0x00001804       0x7c build\dc_stk3600\emb6\src\net\dtls\crypto.o
                0x00001804                dtls_ecdsa_create_sig
 .text.dtls_ecdsa_verify_sig_hash
                0x00001880       0x80 build\dc_stk3600\emb6\src\net\dtls\crypto.o
                0x00001880                dtls_ecdsa_verify_sig_hash
 .text.dtls_ecdsa_verify_sig
                0x00001900       0x88 build\dc_stk3600\emb6\src\net\dtls\crypto.o
                0x00001900                dtls_ecdsa_verify_sig
 .text.dtls_encrypt
                0x00001988       0x6c build\dc_stk3600\emb6\src\net\dtls\crypto.o
                0x00001988                dtls_encrypt
 .text.dtls_decrypt
                0x000019f4       0x6c build\dc_stk3600\emb6\src\net\dtls\crypto.o
                0x000019f4                dtls_decrypt
 .text.dtls_set_log_level
                0x00001a60       0x20 build\dc_stk3600\emb6\src\net\dtls\debug.o
                0x00001a60                dtls_set_log_level
 .text.print_timestamp
                0x00001a80       0x1c build\dc_stk3600\emb6\src\net\dtls\debug.o
 .text.dsrv_print_addr
                0x00001a9c      0x138 build\dc_stk3600\emb6\src\net\dtls\debug.o
 .text.dsrv_log
                0x00001bd4       0x74 build\dc_stk3600\emb6\src\net\dtls\debug.o
                0x00001bd4                dsrv_log
 .text.dtls_dsrv_log_addr
                0x00001c48       0x40 build\dc_stk3600\emb6\src\net\dtls\debug.o
                0x00001c48                dtls_dsrv_log_addr
 .text.equals   0x00001c88       0x4c build\dc_stk3600\emb6\src\net\dtls\dtls.o
 .text.check_stack
                0x00001cd4        0xc build\dc_stk3600\emb6\src\net\dtls\dtls.o
 .text.dtls_int_to_uint8
                0x00001ce0       0x20 build\dc_stk3600\emb6\src\net\dtls\dtls.o
 .text.dtls_int_to_uint16
                0x00001d00       0x30 build\dc_stk3600\emb6\src\net\dtls\dtls.o
 .text.dtls_int_to_uint24
                0x00001d30       0x38 build\dc_stk3600\emb6\src\net\dtls\dtls.o
 .text.dtls_int_to_uint32
                0x00001d68       0x44 build\dc_stk3600\emb6\src\net\dtls\dtls.o
 .text.dtls_int_to_uint48
                0x00001dac       0x94 build\dc_stk3600\emb6\src\net\dtls\dtls.o
 .text.dtls_uint8_to_int
                0x00001e40       0x18 build\dc_stk3600\emb6\src\net\dtls\dtls.o
 .text.dtls_uint16_to_int
                0x00001e58       0x2c build\dc_stk3600\emb6\src\net\dtls\dtls.o
 .text.dtls_uint24_to_int
                0x00001e84       0x2c build\dc_stk3600\emb6\src\net\dtls\dtls.o
 .text.dtls_hash_init
                0x00001eb0       0x14 build\dc_stk3600\emb6\src\net\dtls\dtls.o
 .text.dtls_hash_update
                0x00001ec4       0x1c build\dc_stk3600\emb6\src\net\dtls\dtls.o
 .text.dtls_hash_finalize
                0x00001ee0       0x1c build\dc_stk3600\emb6\src\net\dtls\dtls.o
 .text.dtls_security_params_epoch
                0x00001efc       0x50 build\dc_stk3600\emb6\src\net\dtls\dtls.o
 .text.dtls_security_params
                0x00001f4c       0x18 build\dc_stk3600\emb6\src\net\dtls\dtls.o
 .text.dtls_security_params_next
                0x00001f64       0x4c build\dc_stk3600\emb6\src\net\dtls\dtls.o
 .text.dtls_security_params_free_other
                0x00001fb0       0x40 build\dc_stk3600\emb6\src\net\dtls\dtls.o
 .text.dtls_security_params_switch
                0x00001ff0       0x28 build\dc_stk3600\emb6\src\net\dtls\dtls.o
 .text.dtls_alert_create
                0x00002018       0x28 build\dc_stk3600\emb6\src\net\dtls\dtls.o
 .text.dtls_alert_fatal_create
                0x00002040       0x20 build\dc_stk3600\emb6\src\net\dtls\dtls.o
 .text.dtls_prng
                0x00002060       0x54 build\dc_stk3600\emb6\src\net\dtls\dtls.o
 .text.dtls_prng_init
                0x000020b4       0x18 build\dc_stk3600\emb6\src\net\dtls\dtls.o
 .text.malloc_context
                0x000020cc       0x14 build\dc_stk3600\emb6\src\net\dtls\dtls.o
 .text.free_context
                0x000020e0       0x14 build\dc_stk3600\emb6\src\net\dtls\dtls.o
 .text.dtls_init
                0x000020f4       0x18 build\dc_stk3600\emb6\src\net\dtls\dtls.o
                0x000020f4                dtls_init
 .text.dtls_send
                0x0000210c       0x44 build\dc_stk3600\emb6\src\net\dtls\dtls.o
 .text.dtls_get_peer
                0x00002150       0x4c build\dc_stk3600\emb6\src\net\dtls\dtls.o
                0x00002150                dtls_get_peer
 .text.dtls_add_peer
                0x0000219c       0x1c build\dc_stk3600\emb6\src\net\dtls\dtls.o
 .text.dtls_write
                0x000021b8       0x58 build\dc_stk3600\emb6\src\net\dtls\dtls.o
                0x000021b8                dtls_write
 .text.dtls_get_cookie
                0x00002210       0xb4 build\dc_stk3600\emb6\src\net\dtls\dtls.o
 .text.dtls_create_cookie
                0x000022c4      0x160 build\dc_stk3600\emb6\src\net\dtls\dtls.o
 .text.is_record
                0x00002424       0x50 build\dc_stk3600\emb6\src\net\dtls\dtls.o
 .text.dtls_set_record_header
                0x00002474       0x94 build\dc_stk3600\emb6\src\net\dtls\dtls.o
 .text.dtls_set_handshake_header
                0x00002508       0x9c build\dc_stk3600\emb6\src\net\dtls\dtls.o
 .text.is_tls_ecdhe_ecdsa_with_aes_128_ccm_8
                0x000025a4       0x28 build\dc_stk3600\emb6\src\net\dtls\dtls.o
 .text.is_tls_psk_with_aes_128_ccm_8
                0x000025cc       0x28 build\dc_stk3600\emb6\src\net\dtls\dtls.o
 .text.is_psk_supported
                0x000025f4       0x34 build\dc_stk3600\emb6\src\net\dtls\dtls.o
 .text.is_ecdsa_supported
                0x00002628       0x4c build\dc_stk3600\emb6\src\net\dtls\dtls.o
 .text.is_ecdsa_client_auth_supported
                0x00002674       0x3c build\dc_stk3600\emb6\src\net\dtls\dtls.o
 .text.known_cipher
                0x000026b0       0x58 build\dc_stk3600\emb6\src\net\dtls\dtls.o
 .text.dtls_debug_keyblock
                0x00002708       0x14 build\dc_stk3600\emb6\src\net\dtls\dtls.o
 .text.calculate_key_block
                0x0000271c      0x1b8 build\dc_stk3600\emb6\src\net\dtls\dtls.o
 .text.verify_ext_eliptic_curves
                0x000028d4       0x6c build\dc_stk3600\emb6\src\net\dtls\dtls.o
 .text.verify_ext_cert_type
                0x00002940       0x6c build\dc_stk3600\emb6\src\net\dtls\dtls.o
 .text.verify_ext_ec_point_formats
                0x000029ac       0x6c build\dc_stk3600\emb6\src\net\dtls\dtls.o
 .text.dtls_check_tls_extension
                0x00002a18      0x1f4 build\dc_stk3600\emb6\src\net\dtls\dtls.o
 .text.dtls_update_parameters
                0x00002c0c      0x264 build\dc_stk3600\emb6\src\net\dtls\dtls.o
 .text.check_client_keyexchange
                0x00002e70      0x11c build\dc_stk3600\emb6\src\net\dtls\dtls.o
 .text.update_hs_hash
                0x00002f8c       0x24 build\dc_stk3600\emb6\src\net\dtls\dtls.o
 .text.copy_hs_hash
                0x00002fb0       0x20 build\dc_stk3600\emb6\src\net\dtls\dtls.o
 .text.finalize_hs_hash
                0x00002fd0       0x24 build\dc_stk3600\emb6\src\net\dtls\dtls.o
 .text.clear_hs_hash
                0x00002ff4       0x3c build\dc_stk3600\emb6\src\net\dtls\dtls.o
 .text.check_finished
                0x00003030       0xec build\dc_stk3600\emb6\src\net\dtls\dtls.o
 .text.dtls_prepare_record
                0x0000311c      0x250 build\dc_stk3600\emb6\src\net\dtls\dtls.o
 .text.dtls_send_handshake_msg_hash
                0x0000336c       0xe0 build\dc_stk3600\emb6\src\net\dtls\dtls.o
 .text.dtls_send_handshake_msg
                0x0000344c       0x38 build\dc_stk3600\emb6\src\net\dtls\dtls.o
 .text.dtls_send_multi
                0x00003484      0x218 build\dc_stk3600\emb6\src\net\dtls\dtls.o
 .text.dtls_send_alert
                0x0000369c       0x3c build\dc_stk3600\emb6\src\net\dtls\dtls.o
 .text.dtls_close
                0x000036d8       0x40 build\dc_stk3600\emb6\src\net\dtls\dtls.o
                0x000036d8                dtls_close
 .text.dtls_destroy_peer
                0x00003718       0x58 build\dc_stk3600\emb6\src\net\dtls\dtls.o
 .text.dtls_verify_peer
                0x00003770      0x114 build\dc_stk3600\emb6\src\net\dtls\dtls.o
 .text.dtls_check_ecdsa_signature_elem
                0x00003884      0x17c build\dc_stk3600\emb6\src\net\dtls\dtls.o
 .text.check_client_certificate_verify
                0x00003a00       0xfc build\dc_stk3600\emb6\src\net\dtls\dtls.o
 .text.dtls_send_server_hello
                0x00003afc      0x1c8 build\dc_stk3600\emb6\src\net\dtls\dtls.o
 .text.dtls_send_certificate_ecdsa
                0x00003cc4       0xcc build\dc_stk3600\emb6\src\net\dtls\dtls.o
 .text.dtls_add_ecdsa_signature_elem
                0x00003d90       0xf0 build\dc_stk3600\emb6\src\net\dtls\dtls.o
 .text.dtls_send_server_key_exchange_ecdh
                0x00003e80      0x154 build\dc_stk3600\emb6\src\net\dtls\dtls.o
 .text.dtls_send_server_key_exchange_psk
                0x00003fd4       0xac build\dc_stk3600\emb6\src\net\dtls\dtls.o
 .text.dtls_send_server_certificate_request
                0x00004080       0xb0 build\dc_stk3600\emb6\src\net\dtls\dtls.o
 .text.dtls_send_server_hello_done
                0x00004130       0x24 build\dc_stk3600\emb6\src\net\dtls\dtls.o
 .text.dtls_send_server_hello_msgs
                0x00004154      0x168 build\dc_stk3600\emb6\src\net\dtls\dtls.o
 .text.dtls_send_ccs
                0x000042bc       0x2c build\dc_stk3600\emb6\src\net\dtls\dtls.o
 .text.dtls_send_client_key_exchange
                0x000042e8      0x194 build\dc_stk3600\emb6\src\net\dtls\dtls.o
 .text.dtls_send_certificate_verify_ecdh
                0x0000447c       0xd0 build\dc_stk3600\emb6\src\net\dtls\dtls.o
 .text.dtls_send_finished
                0x0000454c       0xc4 build\dc_stk3600\emb6\src\net\dtls\dtls.o
 .text.dtls_send_client_hello
                0x00004610      0x390 build\dc_stk3600\emb6\src\net\dtls\dtls.o
 .text.check_server_hello
                0x000049a0      0x12c build\dc_stk3600\emb6\src\net\dtls\dtls.o
 .text.check_server_hello_verify_request
                0x00004acc       0x40 build\dc_stk3600\emb6\src\net\dtls\dtls.o
 .text.check_server_certificate
                0x00004b0c      0x128 build\dc_stk3600\emb6\src\net\dtls\dtls.o
 .text.check_server_key_exchange_ecdsa
                0x00004c34      0x1a4 build\dc_stk3600\emb6\src\net\dtls\dtls.o
 .text.check_server_key_exchange_psk
                0x00004dd8       0xb8 build\dc_stk3600\emb6\src\net\dtls\dtls.o
 .text.check_certificate_request
                0x00004e90      0x170 build\dc_stk3600\emb6\src\net\dtls\dtls.o
 .text.check_server_hellodone
                0x00005000      0x110 build\dc_stk3600\emb6\src\net\dtls\dtls.o
 .text.decrypt_verify
                0x00005110      0x144 build\dc_stk3600\emb6\src\net\dtls\dtls.o
 .text.dtls_send_hello_request
                0x00005254       0x30 build\dc_stk3600\emb6\src\net\dtls\dtls.o
 .text.dtls_renegotiate
                0x00005284       0xa4 build\dc_stk3600\emb6\src\net\dtls\dtls.o
                0x00005284                dtls_renegotiate
 .text.handle_handshake_msg
                0x00005328      0x5e4 build\dc_stk3600\emb6\src\net\dtls\dtls.o
 .text.handle_handshake
                0x0000590c      0x250 build\dc_stk3600\emb6\src\net\dtls\dtls.o
 .text.handle_ccs
                0x00005b5c       0x78 build\dc_stk3600\emb6\src\net\dtls\dtls.o
 .text.handle_alert
                0x00005bd4       0xf8 build\dc_stk3600\emb6\src\net\dtls\dtls.o
 .text.dtls_alert_send_from_err
                0x00005ccc       0xa4 build\dc_stk3600\emb6\src\net\dtls\dtls.o
 .text.dtls_handle_message
                0x00005d70      0x28c build\dc_stk3600\emb6\src\net\dtls\dtls.o
                0x00005d70                dtls_handle_message
 .text.dtls_new_context
                0x00005ffc       0xa4 build\dc_stk3600\emb6\src\net\dtls\dtls.o
                0x00005ffc                dtls_new_context
 .text.dtls_free_context
                0x000060a0       0x44 build\dc_stk3600\emb6\src\net\dtls\dtls.o
                0x000060a0                dtls_free_context
 .text.dtls_connect_peer
                0x000060e4       0xd8 build\dc_stk3600\emb6\src\net\dtls\dtls.o
                0x000060e4                dtls_connect_peer
 .text.dtls_connect
                0x000061bc       0xa0 build\dc_stk3600\emb6\src\net\dtls\dtls.o
                0x000061bc                dtls_connect
 .text.dtls_retransmit
                0x0000625c      0x10c build\dc_stk3600\emb6\src\net\dtls\dtls.o
 .text.dtls_stop_retransmission
                0x00006368       0x64 build\dc_stk3600\emb6\src\net\dtls\dtls.o
 .text.dtls_retransmit_process
                0x000063cc       0xa0 build\dc_stk3600\emb6\src\net\dtls\dtls.o
                0x000063cc                dtls_retransmit_process
 .text.dtls_clock_init
                0x0000646c       0x14 build\dc_stk3600\emb6\src\net\dtls\dtls_time.o
                0x0000646c                dtls_clock_init
 .text.dtls_ticks
                0x00006480       0x18 build\dc_stk3600\emb6\src\net\dtls\dtls_time.o
                0x00006480                dtls_ticks
 .text.dtls_hash_init
                0x00006498       0x14 build\dc_stk3600\emb6\src\net\dtls\hmac.o
 .text.dtls_hash_update
                0x000064ac       0x1c build\dc_stk3600\emb6\src\net\dtls\hmac.o
 .text.dtls_hash_finalize
                0x000064c8       0x1c build\dc_stk3600\emb6\src\net\dtls\hmac.o
 .text.dtls_hmac_context_new
                0x000064e4       0x14 build\dc_stk3600\emb6\src\net\dtls\hmac.o
 .text.dtls_hmac_context_free
                0x000064f8       0x1c build\dc_stk3600\emb6\src\net\dtls\hmac.o
 .text.dtls_hmac_update
                0x00006514       0x40 build\dc_stk3600\emb6\src\net\dtls\hmac.o
                0x00006514                dtls_hmac_update
 .text.dtls_hmac_new
                0x00006554       0x2c build\dc_stk3600\emb6\src\net\dtls\hmac.o
                0x00006554                dtls_hmac_new
 .text.dtls_hmac_init
                0x00006580       0xe0 build\dc_stk3600\emb6\src\net\dtls\hmac.o
                0x00006580                dtls_hmac_init
 .text.dtls_hmac_free
                0x00006660       0x1c build\dc_stk3600\emb6\src\net\dtls\hmac.o
                0x00006660                dtls_hmac_free
 .text.dtls_hmac_finalize
                0x0000667c       0x98 build\dc_stk3600\emb6\src\net\dtls\hmac.o
                0x0000667c                dtls_hmac_finalize
 .text.netq_malloc_node
                0x00006714       0x1c build\dc_stk3600\emb6\src\net\dtls\netq.o
 .text.netq_free_node
                0x00006730       0x1c build\dc_stk3600\emb6\src\net\dtls\netq.o
 .text.netq_init
                0x0000674c       0x10 build\dc_stk3600\emb6\src\net\dtls\netq.o
                0x0000674c                netq_init
 .text.netq_insert_node
                0x0000675c       0x94 build\dc_stk3600\emb6\src\net\dtls\netq.o
                0x0000675c                netq_insert_node
 .text.netq_head
                0x000067f0       0x24 build\dc_stk3600\emb6\src\net\dtls\netq.o
                0x000067f0                netq_head
 .text.netq_next
                0x00006814       0x24 build\dc_stk3600\emb6\src\net\dtls\netq.o
                0x00006814                netq_next
 .text.netq_remove
                0x00006838       0x28 build\dc_stk3600\emb6\src\net\dtls\netq.o
                0x00006838                netq_remove
 .text.netq_node_new
                0x00006860       0x2c build\dc_stk3600\emb6\src\net\dtls\netq.o
                0x00006860                netq_node_new
 .text.netq_node_free
                0x0000688c       0x1c build\dc_stk3600\emb6\src\net\dtls\netq.o
                0x0000688c                netq_node_free
 .text.netq_delete_all
                0x000068a8       0x2c build\dc_stk3600\emb6\src\net\dtls\netq.o
                0x000068a8                netq_delete_all
 .text.peer_init
                0x000068d4       0x10 build\dc_stk3600\emb6\src\net\dtls\peer.o
                0x000068d4                peer_init
 .text.dtls_malloc_peer
                0x000068e4       0x14 build\dc_stk3600\emb6\src\net\dtls\peer.o
 .text.dtls_free_peer
                0x000068f8       0x38 build\dc_stk3600\emb6\src\net\dtls\peer.o
                0x000068f8                dtls_free_peer
 .text.dtls_new_peer
                0x00006930       0x60 build\dc_stk3600\emb6\src\net\dtls\peer.o
                0x00006930                dtls_new_peer
 .text.dtls_session_equals
                0x00006990       0x88 build\dc_stk3600\emb6\src\net\dtls\session.o
                0x00006990                dtls_session_equals
 .text.rijndaelKeySetupEnc
                0x00006a18      0x458 build\dc_stk3600\emb6\src\net\dtls\aes\rijndael.o
                0x00006a18                rijndaelKeySetupEnc
 .text.rijndaelEncrypt
                0x00006e70      0x4b8 build\dc_stk3600\emb6\src\net\dtls\aes\rijndael.o
                0x00006e70                rijndaelEncrypt
 .text.rijndael_set_key_enc_only
                0x00007328       0x38 build\dc_stk3600\emb6\src\net\dtls\aes\rijndael.o
                0x00007328                rijndael_set_key_enc_only
 .text.rijndael_encrypt
                0x00007360       0x28 build\dc_stk3600\emb6\src\net\dtls\aes\rijndael.o
                0x00007360                rijndael_encrypt
 .text.add      0x00007388       0x8c build\dc_stk3600\emb6\src\net\dtls\ecc\ecc.o
 .text.sub      0x00007414       0xa0 build\dc_stk3600\emb6\src\net\dtls\ecc\ecc.o
 .text.rshiftby
                0x000074b4       0x78 build\dc_stk3600\emb6\src\net\dtls\ecc\ecc.o
 .text.setZero  0x0000752c       0x20 build\dc_stk3600\emb6\src\net\dtls\ecc\ecc.o
 .text.copy     0x0000754c       0x24 build\dc_stk3600\emb6\src\net\dtls\ecc\ecc.o
 .text.isSame   0x00007570       0x30 build\dc_stk3600\emb6\src\net\dtls\ecc\ecc.o
 .text.isGreater
                0x000075a0       0x6c build\dc_stk3600\emb6\src\net\dtls\ecc\ecc.o
 .text.fieldAdd
                0x0000760c       0x54 build\dc_stk3600\emb6\src\net\dtls\ecc\ecc.o
 .text.fieldSub
                0x00007660       0x54 build\dc_stk3600\emb6\src\net\dtls\ecc\ecc.o
 .text.fieldMult
                0x000076b4      0x184 build\dc_stk3600\emb6\src\net\dtls\ecc\ecc.o
 .text.fieldModP
                0x00007838      0x714 build\dc_stk3600\emb6\src\net\dtls\ecc\ecc.o
 .text.fieldModO
                0x00007f4c       0xd0 build\dc_stk3600\emb6\src\net\dtls\ecc\ecc.o
 .text.isOne    0x0000801c       0x4c build\dc_stk3600\emb6\src\net\dtls\ecc\ecc.o
 .text.isZero   0x00008068       0x4c build\dc_stk3600\emb6\src\net\dtls\ecc\ecc.o
 .text.rshift   0x000080b4       0x58 build\dc_stk3600\emb6\src\net\dtls\ecc\ecc.o
 .text.fieldAddAndDivide
                0x0000810c       0x7c build\dc_stk3600\emb6\src\net\dtls\ecc\ecc.o
 .text.fieldInv
                0x00008188      0x230 build\dc_stk3600\emb6\src\net\dtls\ecc\ecc.o
 .text.ec_double
                0x000083b8      0x194 build\dc_stk3600\emb6\src\net\dtls\ecc\ecc.o
 .text.ec_add   0x0000854c      0x1b4 build\dc_stk3600\emb6\src\net\dtls\ecc\ecc.o
 .text.ecc_ec_mult
                0x00008700      0x118 build\dc_stk3600\emb6\src\net\dtls\ecc\ecc.o
                0x00008700                ecc_ec_mult
 .text.ecc_ecdsa_sign
                0x00008818      0x100 build\dc_stk3600\emb6\src\net\dtls\ecc\ecc.o
                0x00008818                ecc_ecdsa_sign
 .text.ecc_ecdsa_validate
                0x00008918      0x14c build\dc_stk3600\emb6\src\net\dtls\ecc\ecc.o
                0x00008918                ecc_ecdsa_validate
 .text.ecc_is_valid_key
                0x00008a64       0x2c build\dc_stk3600\emb6\src\net\dtls\ecc\ecc.o
                0x00008a64                ecc_is_valid_key
 .text.SHA256_Init
                0x00008a90       0x44 build\dc_stk3600\emb6\src\net\dtls\sha2\sha2.o
                0x00008a90                SHA256_Init
 .text.SHA256_Transform
                0x00008ad4      0x2d8 build\dc_stk3600\emb6\src\net\dtls\sha2\sha2.o
                0x00008ad4                SHA256_Transform
 .text.SHA256_Update
                0x00008dac      0x158 build\dc_stk3600\emb6\src\net\dtls\sha2\sha2.o
                0x00008dac                SHA256_Update
 *fill*         0x00008f04        0x4 
 .text.SHA256_Final
                0x00008f08      0x21c build\dc_stk3600\emb6\src\net\dtls\sha2\sha2.o
                0x00008f08                SHA256_Final
 .text.init     0x00009124       0x24 build\dc_stk3600\emb6\src\tport\udp-socket.o
 .text.udp_socket_register
                0x00009148       0x50 build\dc_stk3600\emb6\src\tport\udp-socket.o
                0x00009148                udp_socket_register
 .text.udp_socket_bind
                0x00009198       0x48 build\dc_stk3600\emb6\src\tport\udp-socket.o
                0x00009198                udp_socket_bind
 .text.udp_socket_sendto
                0x000091e0       0x50 build\dc_stk3600\emb6\src\tport\udp-socket.o
                0x000091e0                udp_socket_sendto
 .text._udp_sock_callback
                0x00009230       0xb8 build\dc_stk3600\emb6\src\tport\udp-socket.o
                0x00009230                _udp_sock_callback
 .text.rpl_get_nbr
                0x000092e8       0x44 build\dc_stk3600\emb6\src\net\rpl\rpl-dag.o
                0x000092e8                rpl_get_nbr
 .text.nbr_callback
                0x0000932c       0x14 build\dc_stk3600\emb6\src\net\rpl\rpl-dag.o
 .text.rpl_dag_init
                0x00009340       0x1c build\dc_stk3600\emb6\src\net\rpl\rpl-dag.o
                0x00009340                rpl_dag_init
 .text.rpl_get_parent
                0x0000935c       0x24 build\dc_stk3600\emb6\src\net\rpl\rpl-dag.o
                0x0000935c                rpl_get_parent
 .text.rpl_get_parent_ipaddr
                0x00009380       0x2c build\dc_stk3600\emb6\src\net\rpl\rpl-dag.o
                0x00009380                rpl_get_parent_ipaddr
 .text.rpl_set_preferred_parent
                0x000093ac       0x48 build\dc_stk3600\emb6\src\net\rpl\rpl-dag.o
 .text.lollipop_greater_than
                0x000093f4       0x64 build\dc_stk3600\emb6\src\net\rpl\rpl-dag.o
 .text.remove_parents
                0x00009458       0x54 build\dc_stk3600\emb6\src\net\rpl\rpl-dag.o
 .text.nullify_parents
                0x000094ac       0x54 build\dc_stk3600\emb6\src\net\rpl\rpl-dag.o
 .text.should_send_dao
                0x00009500       0x50 build\dc_stk3600\emb6\src\net\rpl\rpl-dag.o
 .text.acceptable_rank
                0x00009550       0x68 build\dc_stk3600\emb6\src\net\rpl\rpl-dag.o
 .text.get_dag  0x000095b8       0x6c build\dc_stk3600\emb6\src\net\rpl\rpl-dag.o
 .text.rpl_repair_root
                0x00009624       0xac build\dc_stk3600\emb6\src\net\rpl\rpl-dag.o
                0x00009624                rpl_repair_root
 .text.set_ip_from_prefix
                0x000096d0       0x40 build\dc_stk3600\emb6\src\net\rpl\rpl-dag.o
 .text.check_prefix
                0x00009710       0xac build\dc_stk3600\emb6\src\net\rpl\rpl-dag.o
 .text.rpl_set_prefix
                0x000097bc       0xa4 build\dc_stk3600\emb6\src\net\rpl\rpl-dag.o
                0x000097bc                rpl_set_prefix
 .text.rpl_set_default_route
                0x00009860       0x80 build\dc_stk3600\emb6\src\net\rpl\rpl-dag.o
                0x00009860                rpl_set_default_route
 .text.rpl_alloc_instance
                0x000098e0       0x64 build\dc_stk3600\emb6\src\net\rpl\rpl-dag.o
                0x000098e0                rpl_alloc_instance
 .text.rpl_alloc_dag
                0x00009944       0x90 build\dc_stk3600\emb6\src\net\rpl\rpl-dag.o
                0x00009944                rpl_alloc_dag
 .text.rpl_free_instance
                0x000099d4       0x7c build\dc_stk3600\emb6\src\net\rpl\rpl-dag.o
                0x000099d4                rpl_free_instance
 .text.rpl_free_dag
                0x00009a50       0x4c build\dc_stk3600\emb6\src\net\rpl\rpl-dag.o
                0x00009a50                rpl_free_dag
 .text.rpl_add_parent
                0x00009a9c       0x94 build\dc_stk3600\emb6\src\net\rpl\rpl-dag.o
                0x00009a9c                rpl_add_parent
 .text.find_parent_any_dag_any_instance
                0x00009b30       0x34 build\dc_stk3600\emb6\src\net\rpl\rpl-dag.o
 .text.rpl_find_parent
                0x00009b64       0x30 build\dc_stk3600\emb6\src\net\rpl\rpl-dag.o
                0x00009b64                rpl_find_parent
 .text.find_parent_dag
                0x00009b94       0x28 build\dc_stk3600\emb6\src\net\rpl\rpl-dag.o
 .text.rpl_find_parent_any_dag
                0x00009bbc       0x3c build\dc_stk3600\emb6\src\net\rpl\rpl-dag.o
                0x00009bbc                rpl_find_parent_any_dag
 .text.rpl_select_dag
                0x00009bf8      0x22c build\dc_stk3600\emb6\src\net\rpl\rpl-dag.o
                0x00009bf8                rpl_select_dag
 .text.best_parent
                0x00009e24       0x70 build\dc_stk3600\emb6\src\net\rpl\rpl-dag.o
 .text.rpl_select_parent
                0x00009e94       0x28 build\dc_stk3600\emb6\src\net\rpl\rpl-dag.o
                0x00009e94                rpl_select_parent
 .text.rpl_remove_parent
                0x00009ebc       0x24 build\dc_stk3600\emb6\src\net\rpl\rpl-dag.o
                0x00009ebc                rpl_remove_parent
 .text.rpl_nullify_parent
                0x00009ee0       0x74 build\dc_stk3600\emb6\src\net\rpl\rpl-dag.o
                0x00009ee0                rpl_nullify_parent
 .text.rpl_move_parent
                0x00009f54       0x78 build\dc_stk3600\emb6\src\net\rpl\rpl-dag.o
                0x00009f54                rpl_move_parent
 .text.rpl_get_any_dag
                0x00009fcc       0x6c build\dc_stk3600\emb6\src\net\rpl\rpl-dag.o
                0x00009fcc                rpl_get_any_dag
 .text.rpl_get_instance
                0x0000a038       0x6c build\dc_stk3600\emb6\src\net\rpl\rpl-dag.o
                0x0000a038                rpl_get_instance
 .text.rpl_find_of
                0x0000a0a4       0x3c build\dc_stk3600\emb6\src\net\rpl\rpl-dag.o
                0x0000a0a4                rpl_find_of
 .text.rpl_join_instance
                0x0000a0e0      0x1a8 build\dc_stk3600\emb6\src\net\rpl\rpl-dag.o
                0x0000a0e0                rpl_join_instance
 .text.rpl_add_dag
                0x0000a288      0x17c build\dc_stk3600\emb6\src\net\rpl\rpl-dag.o
                0x0000a288                rpl_add_dag
 .text.global_repair
                0x0000a404       0xf8 build\dc_stk3600\emb6\src\net\rpl\rpl-dag.o
 .text.rpl_local_repair
                0x0000a4fc       0x74 build\dc_stk3600\emb6\src\net\rpl\rpl-dag.o
                0x0000a4fc                rpl_local_repair
 .text.rpl_recalculate_ranks
                0x0000a570       0x6c build\dc_stk3600\emb6\src\net\rpl\rpl-dag.o
                0x0000a570                rpl_recalculate_ranks
 .text.rpl_process_parent_event
                0x0000a5dc       0x68 build\dc_stk3600\emb6\src\net\rpl\rpl-dag.o
                0x0000a5dc                rpl_process_parent_event
 .text.rpl_process_dio
                0x0000a644      0x2ec build\dc_stk3600\emb6\src\net\rpl\rpl-dag.o
                0x0000a644                rpl_process_dio
 .text.rpl_lock_parent
                0x0000a930       0x20 build\dc_stk3600\emb6\src\net\rpl\rpl-dag.o
                0x0000a930                rpl_lock_parent
 .text.rpl_verify_header
                0x0000a950      0x1a8 build\dc_stk3600\emb6\src\net\rpl\rpl-ext-header.o
                0x0000a950                rpl_verify_header
 .text.set_rpl_opt
                0x0000aaf8      0x11c build\dc_stk3600\emb6\src\net\rpl\rpl-ext-header.o
 .text.rpl_update_header_empty
                0x0000ac14      0x234 build\dc_stk3600\emb6\src\net\rpl\rpl-ext-header.o
                0x0000ac14                rpl_update_header_empty
 .text.rpl_update_header_final
                0x0000ae48      0x124 build\dc_stk3600\emb6\src\net\rpl\rpl-ext-header.o
                0x0000ae48                rpl_update_header_final
 .text.rpl_invert_header
                0x0000af6c      0x118 build\dc_stk3600\emb6\src\net\rpl\rpl-ext-header.o
                0x0000af6c                rpl_invert_header
 .text.rpl_insert_header
                0x0000b084       0x24 build\dc_stk3600\emb6\src\net\rpl\rpl-ext-header.o
                0x0000b084                rpl_insert_header
 .text.get_global_addr
                0x0000b0a8       0x8c build\dc_stk3600\emb6\src\net\rpl\rpl-icmp6.o
 .text.get32    0x0000b134       0x48 build\dc_stk3600\emb6\src\net\rpl\rpl-icmp6.o
 .text.set32    0x0000b17c       0x64 build\dc_stk3600\emb6\src\net\rpl\rpl-icmp6.o
 .text.get16    0x0000b1e0       0x38 build\dc_stk3600\emb6\src\net\rpl\rpl-icmp6.o
 .text.set16    0x0000b218       0x40 build\dc_stk3600\emb6\src\net\rpl\rpl-icmp6.o
 .text.dis_input
                0x0000b258       0x60 build\dc_stk3600\emb6\src\net\rpl\rpl-icmp6.o
 .text.dis_output
                0x0000b2b8       0x6c build\dc_stk3600\emb6\src\net\rpl\rpl-icmp6.o
                0x0000b2b8                dis_output
 .text.dio_input
                0x0000b324      0x4a4 build\dc_stk3600\emb6\src\net\rpl\rpl-icmp6.o
 .text.dio_output
                0x0000b7c8      0x444 build\dc_stk3600\emb6\src\net\rpl\rpl-icmp6.o
                0x0000b7c8                dio_output
 .text.dao_input
                0x0000bc0c      0x3ac build\dc_stk3600\emb6\src\net\rpl\rpl-icmp6.o
 .text.dao_output
                0x0000bfb8       0x34 build\dc_stk3600\emb6\src\net\rpl\rpl-icmp6.o
                0x0000bfb8                dao_output
 .text.dao_output_target
                0x0000bfec      0x20c build\dc_stk3600\emb6\src\net\rpl\rpl-icmp6.o
                0x0000bfec                dao_output_target
 .text.dao_ack_input
                0x0000c1f8       0x18 build\dc_stk3600\emb6\src\net\rpl\rpl-icmp6.o
 .text.dao_ack_output
                0x0000c210       0x58 build\dc_stk3600\emb6\src\net\rpl\rpl-icmp6.o
                0x0000c210                dao_ack_output
 .text.rpl_icmp6_register_handlers
                0x0000c268       0x30 build\dc_stk3600\emb6\src\net\rpl\rpl-icmp6.o
                0x0000c268                rpl_icmp6_register_handlers
 .text.calculate_path_metric
                0x0000c298       0x3c build\dc_stk3600\emb6\src\net\rpl\rpl-mrhof.o
 .text.reset    0x0000c2d4       0x14 build\dc_stk3600\emb6\src\net\rpl\rpl-mrhof.o
 .text.neighbor_link_callback
                0x0000c2e8       0x98 build\dc_stk3600\emb6\src\net\rpl\rpl-mrhof.o
 .text.calculate_rank
                0x0000c380       0x78 build\dc_stk3600\emb6\src\net\rpl\rpl-mrhof.o
 .text.best_dag
                0x0000c3f8       0x68 build\dc_stk3600\emb6\src\net\rpl\rpl-mrhof.o
 .text.best_parent
                0x0000c460       0x74 build\dc_stk3600\emb6\src\net\rpl\rpl-mrhof.o
 .text.update_metric_container
                0x0000c4d4       0x64 build\dc_stk3600\emb6\src\net\rpl\rpl-mrhof.o
 .text.handle_periodic_timer
                0x0000c538       0x50 build\dc_stk3600\emb6\src\net\rpl\rpl-timers.o
 .text.new_dio_interval
                0x0000c588       0x98 build\dc_stk3600\emb6\src\net\rpl\rpl-timers.o
 .text.handle_dio_timer
                0x0000c620       0xd4 build\dc_stk3600\emb6\src\net\rpl\rpl-timers.o
 .text.rpl_reset_periodic_timer
                0x0000c6f4       0x50 build\dc_stk3600\emb6\src\net\rpl\rpl-timers.o
                0x0000c6f4                rpl_reset_periodic_timer
 .text.rpl_reset_dio_timer
                0x0000c744       0x38 build\dc_stk3600\emb6\src\net\rpl\rpl-timers.o
                0x0000c744                rpl_reset_dio_timer
 .text.set_dao_lifetime_timer
                0x0000c77c       0x68 build\dc_stk3600\emb6\src\net\rpl\rpl-timers.o
 .text.handle_dao_timer
                0x0000c7e4       0x88 build\dc_stk3600\emb6\src\net\rpl\rpl-timers.o
 .text.schedule_dao
                0x0000c86c       0x7c build\dc_stk3600\emb6\src\net\rpl\rpl-timers.o
 .text.rpl_schedule_dao
                0x0000c8e8       0x20 build\dc_stk3600\emb6\src\net\rpl\rpl-timers.o
                0x0000c8e8                rpl_schedule_dao
 .text.rpl_get_mode
                0x0000c908       0x18 build\dc_stk3600\emb6\src\net\rpl\rpl.o
                0x0000c908                rpl_get_mode
 .text.rpl_purge_routes
                0x0000c920       0x98 build\dc_stk3600\emb6\src\net\rpl\rpl.o
                0x0000c920                rpl_purge_routes
 .text.rpl_remove_routes
                0x0000c9b8       0x3c build\dc_stk3600\emb6\src\net\rpl\rpl.o
                0x0000c9b8                rpl_remove_routes
 .text.rpl_remove_routes_by_nexthop
                0x0000c9f4       0x58 build\dc_stk3600\emb6\src\net\rpl\rpl.o
                0x0000c9f4                rpl_remove_routes_by_nexthop
 .text.rpl_add_route
                0x0000ca4c       0x5c build\dc_stk3600\emb6\src\net\rpl\rpl.o
                0x0000ca4c                rpl_add_route
 .text.rpl_link_neighbor_callback
                0x0000caa8       0xa4 build\dc_stk3600\emb6\src\net\rpl\rpl.o
                0x0000caa8                rpl_link_neighbor_callback
 .text.rpl_ipv6_neighbor_callback
                0x0000cb4c       0x60 build\dc_stk3600\emb6\src\net\rpl\rpl.o
                0x0000cb4c                rpl_ipv6_neighbor_callback
 .text.rpl_init
                0x0000cbac       0x5c build\dc_stk3600\emb6\src\net\rpl\rpl.o
                0x0000cbac                rpl_init
 .text.key_from_index
                0x0000cc08       0x34 build\dc_stk3600\emb6\src\net\ipv6\nbr-table.o
 .text.item_from_index
                0x0000cc3c       0x38 build\dc_stk3600\emb6\src\net\ipv6\nbr-table.o
 .text.index_from_key
                0x0000cc74       0x38 build\dc_stk3600\emb6\src\net\ipv6\nbr-table.o
 .text.index_from_item
                0x0000ccac       0x38 build\dc_stk3600\emb6\src\net\ipv6\nbr-table.o
 .text.item_from_key
                0x0000cce4       0x24 build\dc_stk3600\emb6\src\net\ipv6\nbr-table.o
 .text.key_from_item
                0x0000cd08       0x24 build\dc_stk3600\emb6\src\net\ipv6\nbr-table.o
 .text.index_from_lladdr
                0x0000cd2c       0x64 build\dc_stk3600\emb6\src\net\ipv6\nbr-table.o
 .text.nbr_get_bit
                0x0000cd90       0x50 build\dc_stk3600\emb6\src\net\ipv6\nbr-table.o
 .text.nbr_set_bit
                0x0000cde0       0x8c build\dc_stk3600\emb6\src\net\ipv6\nbr-table.o
 .text.nbr_table_allocate
                0x0000ce6c      0x144 build\dc_stk3600\emb6\src\net\ipv6\nbr-table.o
 .text.nbr_table_register
                0x0000cfb0       0x50 build\dc_stk3600\emb6\src\net\ipv6\nbr-table.o
                0x0000cfb0                nbr_table_register
 .text.nbr_table_head
                0x0000d000       0x4c build\dc_stk3600\emb6\src\net\ipv6\nbr-table.o
                0x0000d000                nbr_table_head
 .text.nbr_table_next
                0x0000d04c       0x4c build\dc_stk3600\emb6\src\net\ipv6\nbr-table.o
                0x0000d04c                nbr_table_next
 .text.nbr_table_add_lladdr
                0x0000d098       0x90 build\dc_stk3600\emb6\src\net\ipv6\nbr-table.o
                0x0000d098                nbr_table_add_lladdr
 .text.nbr_table_get_from_lladdr
                0x0000d128       0x40 build\dc_stk3600\emb6\src\net\ipv6\nbr-table.o
                0x0000d128                nbr_table_get_from_lladdr
 .text.nbr_table_remove
                0x0000d168       0x38 build\dc_stk3600\emb6\src\net\ipv6\nbr-table.o
                0x0000d168                nbr_table_remove
 .text.nbr_table_lock
                0x0000d1a0       0x24 build\dc_stk3600\emb6\src\net\ipv6\nbr-table.o
                0x0000d1a0                nbr_table_lock
 .text.nbr_table_unlock
                0x0000d1c4       0x24 build\dc_stk3600\emb6\src\net\ipv6\nbr-table.o
                0x0000d1c4                nbr_table_unlock
 .text.nbr_table_get_lladdr
                0x0000d1e8       0x2c build\dc_stk3600\emb6\src\net\ipv6\nbr-table.o
                0x0000d1e8                nbr_table_get_lladdr
 .text.tcpip_output
                0x0000d214       0x30 build\dc_stk3600\emb6\src\net\ipv6\tcpip.o
                0x0000d214                tcpip_output
 .text.tcpip_set_outputfunc
                0x0000d244       0x1c build\dc_stk3600\emb6\src\net\ipv6\tcpip.o
                0x0000d244                tcpip_set_outputfunc
 .text.check_for_tcp_syn
                0x0000d260        0xc build\dc_stk3600\emb6\src\net\ipv6\tcpip.o
 .text.packet_input
                0x0000d26c       0x28 build\dc_stk3600\emb6\src\net\ipv6\tcpip.o
 .text.udp_new  0x0000d294       0x50 build\dc_stk3600\emb6\src\net\ipv6\tcpip.o
                0x0000d294                udp_new
 .text.tcpip_icmp6_call
                0x0000d2e4       0x2c build\dc_stk3600\emb6\src\net\ipv6\tcpip.o
                0x0000d2e4                tcpip_icmp6_call
 .text.eventhandler
                0x0000d310       0x7c build\dc_stk3600\emb6\src\net\ipv6\tcpip.o
 .text.tcpip_input
                0x0000d38c       0x24 build\dc_stk3600\emb6\src\net\ipv6\tcpip.o
                0x0000d38c                tcpip_input
 .text.tcpip_ipv6_output
                0x0000d3b0      0x2d8 build\dc_stk3600\emb6\src\net\ipv6\tcpip.o
                0x0000d3b0                tcpip_ipv6_output
 .text.tcpip_uipcall
                0x0000d688       0x3c build\dc_stk3600\emb6\src\net\ipv6\tcpip.o
                0x0000d688                tcpip_uipcall
 .text.tcpip_gethandler
                0x0000d6c4       0x14 build\dc_stk3600\emb6\src\net\ipv6\tcpip.o
                0x0000d6c4                tcpip_gethandler
 .text.tcpip_init
                0x0000d6d8       0x4c build\dc_stk3600\emb6\src\net\ipv6\tcpip.o
                0x0000d6d8                tcpip_init
 .text.uip_debug_ipaddr_print
                0x0000d724       0x90 build\dc_stk3600\emb6\src\net\ipv6\uip-debug.o
                0x0000d724                uip_debug_ipaddr_print
 .text.uip_ds6_neighbors_init
                0x0000d7b4       0x1c build\dc_stk3600\emb6\src\net\ipv6\uip-ds6-nbr.o
                0x0000d7b4                uip_ds6_neighbors_init
 .text.uip_ds6_nbr_add
                0x0000d7d0       0x8c build\dc_stk3600\emb6\src\net\ipv6\uip-ds6-nbr.o
                0x0000d7d0                uip_ds6_nbr_add
 .text.uip_ds6_nbr_rm
                0x0000d85c       0x38 build\dc_stk3600\emb6\src\net\ipv6\uip-ds6-nbr.o
                0x0000d85c                uip_ds6_nbr_rm
 .text.uip_ds6_nbr_get_ll
                0x0000d894       0x24 build\dc_stk3600\emb6\src\net\ipv6\uip-ds6-nbr.o
                0x0000d894                uip_ds6_nbr_get_ll
 .text.uip_ds6_nbr_lookup
                0x0000d8b8       0x54 build\dc_stk3600\emb6\src\net\ipv6\uip-ds6-nbr.o
                0x0000d8b8                uip_ds6_nbr_lookup
 .text.uip_ds6_nbr_ll_lookup
                0x0000d90c       0x24 build\dc_stk3600\emb6\src\net\ipv6\uip-ds6-nbr.o
                0x0000d90c                uip_ds6_nbr_ll_lookup
 .text.uip_ds6_nbr_ipaddr_from_lladdr
                0x0000d930       0x24 build\dc_stk3600\emb6\src\net\ipv6\uip-ds6-nbr.o
                0x0000d930                uip_ds6_nbr_ipaddr_from_lladdr
 .text.uip_ds6_nbr_lladdr_from_ipaddr
                0x0000d954       0x2c build\dc_stk3600\emb6\src\net\ipv6\uip-ds6-nbr.o
                0x0000d954                uip_ds6_nbr_lladdr_from_ipaddr
 .text.uip_ds6_link_neighbor_callback
                0x0000d980       0x68 build\dc_stk3600\emb6\src\net\ipv6\uip-ds6-nbr.o
                0x0000d980                uip_ds6_link_neighbor_callback
 .text.uip_ds6_neighbor_periodic
                0x0000d9e8      0x1cc build\dc_stk3600\emb6\src\net\ipv6\uip-ds6-nbr.o
                0x0000d9e8                uip_ds6_neighbor_periodic
 .text.call_route_callback
                0x0000dbb4       0x68 build\dc_stk3600\emb6\src\net\ipv6\uip-ds6-route.o
 .text.uip_ds6_route_init
                0x0000dc1c       0x58 build\dc_stk3600\emb6\src\net\ipv6\uip-ds6-route.o
                0x0000dc1c                uip_ds6_route_init
 .text.uip_ds6_route_nexthop_lladdr
                0x0000dc74       0x30 build\dc_stk3600\emb6\src\net\ipv6\uip-ds6-route.o
 .text.uip_ds6_route_nexthop
                0x0000dca4       0x2c build\dc_stk3600\emb6\src\net\ipv6\uip-ds6-route.o
                0x0000dca4                uip_ds6_route_nexthop
 .text.uip_ds6_route_head
                0x0000dcd0       0x18 build\dc_stk3600\emb6\src\net\ipv6\uip-ds6-route.o
                0x0000dcd0                uip_ds6_route_head
 .text.uip_ds6_route_next
                0x0000dce8       0x24 build\dc_stk3600\emb6\src\net\ipv6\uip-ds6-route.o
                0x0000dce8                uip_ds6_route_next
 .text.uip_ds6_route_num_routes
                0x0000dd0c       0x18 build\dc_stk3600\emb6\src\net\ipv6\uip-ds6-route.o
                0x0000dd0c                uip_ds6_route_num_routes
 .text.uip_ds6_route_lookup
                0x0000dd24       0xa4 build\dc_stk3600\emb6\src\net\ipv6\uip-ds6-route.o
                0x0000dd24                uip_ds6_route_lookup
 .text.uip_ds6_route_add
                0x0000ddc8      0x188 build\dc_stk3600\emb6\src\net\ipv6\uip-ds6-route.o
                0x0000ddc8                uip_ds6_route_add
 .text.uip_ds6_route_rm
                0x0000df50       0xdc build\dc_stk3600\emb6\src\net\ipv6\uip-ds6-route.o
                0x0000df50                uip_ds6_route_rm
 .text.rm_routelist
                0x0000e02c       0x58 build\dc_stk3600\emb6\src\net\ipv6\uip-ds6-route.o
 .text.rm_routelist_callback
                0x0000e084       0x14 build\dc_stk3600\emb6\src\net\ipv6\uip-ds6-route.o
 .text.uip_ds6_defrt_add
                0x0000e098       0x84 build\dc_stk3600\emb6\src\net\ipv6\uip-ds6-route.o
                0x0000e098                uip_ds6_defrt_add
 .text.uip_ds6_defrt_rm
                0x0000e11c       0x64 build\dc_stk3600\emb6\src\net\ipv6\uip-ds6-route.o
                0x0000e11c                uip_ds6_defrt_rm
 .text.uip_ds6_defrt_lookup
                0x0000e180       0x4c build\dc_stk3600\emb6\src\net\ipv6\uip-ds6-route.o
                0x0000e180                uip_ds6_defrt_lookup
 .text.uip_ds6_defrt_choose
                0x0000e1cc       0x5c build\dc_stk3600\emb6\src\net\ipv6\uip-ds6-route.o
                0x0000e1cc                uip_ds6_defrt_choose
 .text.uip_ds6_defrt_periodic
                0x0000e228       0x58 build\dc_stk3600\emb6\src\net\ipv6\uip-ds6-route.o
                0x0000e228                uip_ds6_defrt_periodic
 .text.uip_ds6_init
                0x0000e280      0x168 build\dc_stk3600\emb6\src\net\ipv6\uip-ds6.o
                0x0000e280                uip_ds6_init
 .text.uip_ds6_periodic
                0x0000e3e8       0x94 build\dc_stk3600\emb6\src\net\ipv6\uip-ds6.o
                0x0000e3e8                uip_ds6_periodic
 .text.uip_ds6_list_loop
                0x0000e47c       0x84 build\dc_stk3600\emb6\src\net\ipv6\uip-ds6.o
                0x0000e47c                uip_ds6_list_loop
 .text.uip_ds6_prefix_add
                0x0000e500       0x94 build\dc_stk3600\emb6\src\net\ipv6\uip-ds6.o
                0x0000e500                uip_ds6_prefix_add
 .text.uip_ds6_is_addr_onlink
                0x0000e594       0x68 build\dc_stk3600\emb6\src\net\ipv6\uip-ds6.o
                0x0000e594                uip_ds6_is_addr_onlink
 .text.uip_ds6_addr_add
                0x0000e5fc       0xe8 build\dc_stk3600\emb6\src\net\ipv6\uip-ds6.o
                0x0000e5fc                uip_ds6_addr_add
 .text.uip_ds6_addr_rm
                0x0000e6e4       0x88 build\dc_stk3600\emb6\src\net\ipv6\uip-ds6.o
                0x0000e6e4                uip_ds6_addr_rm
 .text.uip_ds6_addr_lookup
                0x0000e76c       0x3c build\dc_stk3600\emb6\src\net\ipv6\uip-ds6.o
                0x0000e76c                uip_ds6_addr_lookup
 .text.uip_ds6_get_link_local
                0x0000e7a8       0x80 build\dc_stk3600\emb6\src\net\ipv6\uip-ds6.o
                0x0000e7a8                uip_ds6_get_link_local
 .text.uip_ds6_maddr_add
                0x0000e828       0x5c build\dc_stk3600\emb6\src\net\ipv6\uip-ds6.o
                0x0000e828                uip_ds6_maddr_add
 .text.uip_ds6_maddr_rm
                0x0000e884       0x20 build\dc_stk3600\emb6\src\net\ipv6\uip-ds6.o
                0x0000e884                uip_ds6_maddr_rm
 .text.uip_ds6_maddr_lookup
                0x0000e8a4       0x3c build\dc_stk3600\emb6\src\net\ipv6\uip-ds6.o
                0x0000e8a4                uip_ds6_maddr_lookup
 .text.uip_ds6_select_src
                0x0000e8e0      0x100 build\dc_stk3600\emb6\src\net\ipv6\uip-ds6.o
                0x0000e8e0                uip_ds6_select_src
 .text.uip_ds6_set_addr_iid
                0x0000e9e0       0x2c build\dc_stk3600\emb6\src\net\ipv6\uip-ds6.o
                0x0000e9e0                uip_ds6_set_addr_iid
 .text.get_match_length
                0x0000ea0c       0x84 build\dc_stk3600\emb6\src\net\ipv6\uip-ds6.o
                0x0000ea0c                get_match_length
 .text.uip_ds6_send_ra_sollicited
                0x0000ea90       0x3c build\dc_stk3600\emb6\src\net\ipv6\uip-ds6.o
                0x0000ea90                uip_ds6_send_ra_sollicited
 .text.uip_ds6_send_ra_periodic
                0x0000eacc       0x74 build\dc_stk3600\emb6\src\net\ipv6\uip-ds6.o
                0x0000eacc                uip_ds6_send_ra_periodic
 .text.uip_ds6_compute_reachable_time
                0x0000eb40       0x48 build\dc_stk3600\emb6\src\net\ipv6\uip-ds6.o
                0x0000eb40                uip_ds6_compute_reachable_time
 .text.input_handler_lookup
                0x0000eb88       0x60 build\dc_stk3600\emb6\src\net\ipv6\uip-icmp6.o
 .text.uip_icmp6_input
                0x0000ebe8       0x44 build\dc_stk3600\emb6\src\net\ipv6\uip-icmp6.o
                0x0000ebe8                uip_icmp6_input
 .text.uip_icmp6_register_input_handler
                0x0000ec2c       0x20 build\dc_stk3600\emb6\src\net\ipv6\uip-icmp6.o
                0x0000ec2c                uip_icmp6_register_input_handler
 .text.echo_request_input
                0x0000ec4c      0x1c4 build\dc_stk3600\emb6\src\net\ipv6\uip-icmp6.o
 .text.uip_icmp6_error_output
                0x0000ee10      0x220 build\dc_stk3600\emb6\src\net\ipv6\uip-icmp6.o
                0x0000ee10                uip_icmp6_error_output
 .text.uip_icmp6_send
                0x0000f030       0xcc build\dc_stk3600\emb6\src\net\ipv6\uip-icmp6.o
                0x0000f030                uip_icmp6_send
 .text.echo_reply_input
                0x0000f0fc      0x180 build\dc_stk3600\emb6\src\net\ipv6\uip-icmp6.o
 .text.uip_icmp6_init
                0x0000f27c       0x1c build\dc_stk3600\emb6\src\net\ipv6\uip-icmp6.o
                0x0000f27c                uip_icmp6_init
 .text.create_llao
                0x0000f298       0x40 build\dc_stk3600\emb6\src\net\ipv6\uip-nd6.o
 .text.ns_input
                0x0000f2d8      0x3c0 build\dc_stk3600\emb6\src\net\ipv6\uip-nd6.o
 .text.uip_nd6_ns_output
                0x0000f698      0x1f0 build\dc_stk3600\emb6\src\net\ipv6\uip-nd6.o
                0x0000f698                uip_nd6_ns_output
 .text.na_input
                0x0000f888      0x368 build\dc_stk3600\emb6\src\net\ipv6\uip-nd6.o
 .text.rs_input
                0x0000fbf0      0x1e0 build\dc_stk3600\emb6\src\net\ipv6\uip-nd6.o
 .text.uip_nd6_ra_output
                0x0000fdd0      0x1fc build\dc_stk3600\emb6\src\net\ipv6\uip-nd6.o
                0x0000fdd0                uip_nd6_ra_output
 .text.uip_nd6_init
                0x0000ffcc       0x24 build\dc_stk3600\emb6\src\net\ipv6\uip-nd6.o
                0x0000ffcc                uip_nd6_init
 .text.packet_timedout
                0x0000fff0       0x28 build\dc_stk3600\emb6\src\net\ipv6\uip-packetqueue.o
 .text.uip_packetqueue_new
                0x00010018       0x18 build\dc_stk3600\emb6\src\net\ipv6\uip-packetqueue.o
                0x00010018                uip_packetqueue_new
 .text.uip_packetqueue_alloc
                0x00010030       0x54 build\dc_stk3600\emb6\src\net\ipv6\uip-packetqueue.o
                0x00010030                uip_packetqueue_alloc
 .text.uip_packetqueue_free
                0x00010084       0x3c build\dc_stk3600\emb6\src\net\ipv6\uip-packetqueue.o
                0x00010084                uip_packetqueue_free
 .text.uip_packetqueue_buf
                0x000100c0       0x28 build\dc_stk3600\emb6\src\net\ipv6\uip-packetqueue.o
                0x000100c0                uip_packetqueue_buf
 .text.uip_packetqueue_buflen
                0x000100e8       0x28 build\dc_stk3600\emb6\src\net\ipv6\uip-packetqueue.o
                0x000100e8                uip_packetqueue_buflen
 .text.uip_packetqueue_set_buflen
                0x00010110       0x28 build\dc_stk3600\emb6\src\net\ipv6\uip-packetqueue.o
                0x00010110                uip_packetqueue_set_buflen
 .text.uip_udp_packet_send
                0x00010138       0x58 build\dc_stk3600\emb6\src\net\ipv6\uip-udp-packet.o
                0x00010138                uip_udp_packet_send
 .text.uip_udp_packet_sendto
                0x00010190       0x60 build\dc_stk3600\emb6\src\net\ipv6\uip-udp-packet.o
                0x00010190                uip_udp_packet_sendto
 .text.chksum   0x000101f0       0x90 build\dc_stk3600\emb6\src\net\ipv6\uip6.o
 .text.upper_layer_chksum
                0x00010280       0x90 build\dc_stk3600\emb6\src\net\ipv6\uip6.o
 .text.uip_icmp6chksum
                0x00010310       0x10 build\dc_stk3600\emb6\src\net\ipv6\uip6.o
                0x00010310                uip_icmp6chksum
 .text.uip_udpchksum
                0x00010320       0x10 build\dc_stk3600\emb6\src\net\ipv6\uip6.o
                0x00010320                uip_udpchksum
 .text.uip_init
                0x00010330       0x54 build\dc_stk3600\emb6\src\net\ipv6\uip6.o
                0x00010330                uip_init
 .text.remove_ext_hdr
                0x00010384       0x90 build\dc_stk3600\emb6\src\net\ipv6\uip6.o
                0x00010384                remove_ext_hdr
 .text.uip_udp_new
                0x00010414      0x10c build\dc_stk3600\emb6\src\net\ipv6\uip6.o
                0x00010414                uip_udp_new
 .text.ext_hdr_options_process
                0x00010520      0x144 build\dc_stk3600\emb6\src\net\ipv6\uip6.o
 .text.uip_process
                0x00010664      0x8c8 build\dc_stk3600\emb6\src\net\ipv6\uip6.o
                0x00010664                uip_process
 .text.uip_htons
                0x00010f2c       0x2c build\dc_stk3600\emb6\src\net\ipv6\uip6.o
                0x00010f2c                uip_htons
 .text.uip_htonl
                0x00010f58       0x4c build\dc_stk3600\emb6\src\net\ipv6\uip6.o
                0x00010f58                uip_htonl
 .text.set_packet_attrs
                0x00010fa4       0x8c build\dc_stk3600\emb6\src\net\sicslowpan\sicslowpan.o
 .text.addr_context_lookup_by_prefix
                0x00011030       0x6c build\dc_stk3600\emb6\src\net\sicslowpan\sicslowpan.o
 .text.addr_context_lookup_by_number
                0x0001109c       0x68 build\dc_stk3600\emb6\src\net\sicslowpan\sicslowpan.o
 .text.compress_addr_64
                0x00011104      0x104 build\dc_stk3600\emb6\src\net\sicslowpan\sicslowpan.o
 .text.uncompress_addr
                0x00011208       0xd0 build\dc_stk3600\emb6\src\net\sicslowpan\sicslowpan.o
 .text.compress_hdr_hc06
                0x000112d8      0x72c build\dc_stk3600\emb6\src\net\sicslowpan\sicslowpan.o
 .text.uncompress_hdr_hc06
                0x00011a04      0x62c build\dc_stk3600\emb6\src\net\sicslowpan\sicslowpan.o
 .text.packet_sent
                0x00012030       0x3c build\dc_stk3600\emb6\src\net\sicslowpan\sicslowpan.o
 .text.send_packet
                0x0001206c       0x4c build\dc_stk3600\emb6\src\net\sicslowpan\sicslowpan.o
 .text.output   0x000120b8      0x404 build\dc_stk3600\emb6\src\net\sicslowpan\sicslowpan.o
 .text.input    0x000124bc      0x400 build\dc_stk3600\emb6\src\net\sicslowpan\sicslowpan.o
 .text.sicslowpan_init
                0x000128bc       0x60 build\dc_stk3600\emb6\src\net\sicslowpan\sicslowpan.o
                0x000128bc                sicslowpan_init
 .text.init     0x0001291c       0x24 build\dc_stk3600\emb6\src\mac\llsec\nullsec.o
 .text.send     0x00012940       0x2c build\dc_stk3600\emb6\src\mac\llsec\nullsec.o
 .text.on_frame_created
                0x0001296c       0x10 build\dc_stk3600\emb6\src\mac\llsec\nullsec.o
 .text.input    0x0001297c       0x14 build\dc_stk3600\emb6\src\mac\llsec\nullsec.o
 .text.get_overhead
                0x00012990       0x10 build\dc_stk3600\emb6\src\mac\llsec\nullsec.o
 .text.send_packet
                0x000129a0       0x34 build\dc_stk3600\emb6\src\mac\nullmac.o
 .text.packet_input
                0x000129d4       0x28 build\dc_stk3600\emb6\src\mac\nullmac.o
 .text.on       0x000129fc       0x30 build\dc_stk3600\emb6\src\mac\nullmac.o
 .text.off      0x00012a2c       0x38 build\dc_stk3600\emb6\src\mac\nullmac.o
 .text.channel_check_interval
                0x00012a64       0x10 build\dc_stk3600\emb6\src\mac\nullmac.o
 .text.init     0x00012a74       0x24 build\dc_stk3600\emb6\src\mac\nullmac.o
 .text.is_broadcast_addr
                0x00012a98       0x44 build\dc_stk3600\emb6\src\mac\sicslowmac.o
 .text.send_packet
                0x00012adc      0x168 build\dc_stk3600\emb6\src\mac\sicslowmac.o
 .text.send_list
                0x00012c44       0x2c build\dc_stk3600\emb6\src\mac\sicslowmac.o
                0x00012c44                send_list
 .text.input_packet
                0x00012c70       0xc4 build\dc_stk3600\emb6\src\mac\sicslowmac.o
 .text.on       0x00012d34       0x30 build\dc_stk3600\emb6\src\mac\sicslowmac.o
 .text.off      0x00012d64       0x4c build\dc_stk3600\emb6\src\mac\sicslowmac.o
 .text.init     0x00012db0       0x40 build\dc_stk3600\emb6\src\mac\sicslowmac.o
 .text.channel_check_interval
                0x00012df0       0x10 build\dc_stk3600\emb6\src\mac\sicslowmac.o
 .text.addr_len
                0x00012e00       0x2c build\dc_stk3600\emb6\src\mac\frame802154.o
 .text.field_len
                0x00012e2c       0xa8 build\dc_stk3600\emb6\src\mac\frame802154.o
 .text.frame802154_hdrlen
                0x00012ed4       0x30 build\dc_stk3600\emb6\src\mac\frame802154.o
                0x00012ed4                frame802154_hdrlen
 .text.frame802154_create
                0x00012f04      0x168 build\dc_stk3600\emb6\src\mac\frame802154.o
                0x00012f04                frame802154_create
 .text.frame802154_parse
                0x0001306c      0x22c build\dc_stk3600\emb6\src\mac\frame802154.o
                0x0001306c                frame802154_parse
 .text.framer_canonical_create_and_secure
                0x00013298       0x40 build\dc_stk3600\emb6\src\mac\framer.o
                0x00013298                framer_canonical_create_and_secure
 .text.is_broadcast_addr
                0x000132d8       0x44 build\dc_stk3600\emb6\src\mac\framer-802154.o
 .text.create_frame
                0x0001331c      0x178 build\dc_stk3600\emb6\src\mac\framer-802154.o
 .text.init     0x00013494       0x18 build\dc_stk3600\emb6\src\mac\framer-802154.o
 .text.hdr_length
                0x000134ac       0x14 build\dc_stk3600\emb6\src\mac\framer-802154.o
 .text.create   0x000134c0       0x14 build\dc_stk3600\emb6\src\mac\framer-802154.o
 .text.parse    0x000134d4       0xb4 build\dc_stk3600\emb6\src\mac\framer-802154.o
 .text.linkaddr_copy
                0x00013588       0x34 build\dc_stk3600\emb6\src\mac\linkaddr.o
                0x00013588                linkaddr_copy
 .text.linkaddr_cmp
                0x000135bc       0x40 build\dc_stk3600\emb6\src\mac\linkaddr.o
                0x000135bc                linkaddr_cmp
 .text.linkaddr_set_node_addr
                0x000135fc       0x1c build\dc_stk3600\emb6\src\mac\linkaddr.o
                0x000135fc                linkaddr_set_node_addr
 .text.ctimer_refresh
                0x00013618       0x60 build\dc_stk3600\utils\src\ctimer.o
                0x00013618                ctimer_refresh
 .text.ctimer_init
                0x00013678       0x64 build\dc_stk3600\utils\src\ctimer.o
                0x00013678                ctimer_init
 .text.ctimer_set
                0x000136dc       0x58 build\dc_stk3600\utils\src\ctimer.o
                0x000136dc                ctimer_set
 .text.ctimer_reset
                0x00013734       0x40 build\dc_stk3600\utils\src\ctimer.o
                0x00013734                ctimer_reset
 .text.ctimer_stop
                0x00013774       0x44 build\dc_stk3600\utils\src\ctimer.o
                0x00013774                ctimer_stop
 .text._etimer_addTimer
                0x000137b8       0x30 build\dc_stk3600\utils\src\etimer.o
 .text.etimer_init
                0x000137e8       0x28 build\dc_stk3600\utils\src\etimer.o
                0x000137e8                etimer_init
 .text.etimer_request_poll
                0x00013810       0x68 build\dc_stk3600\utils\src\etimer.o
                0x00013810                etimer_request_poll
 .text.etimer_set
                0x00013878       0x2c build\dc_stk3600\utils\src\etimer.o
                0x00013878                etimer_set
 .text.etimer_reset
                0x000138a4       0x20 build\dc_stk3600\utils\src\etimer.o
                0x000138a4                etimer_reset
 .text.etimer_expired
                0x000138c4       0x24 build\dc_stk3600\utils\src\etimer.o
                0x000138c4                etimer_expired
 .text.etimer_expiration_time
                0x000138e8       0x20 build\dc_stk3600\utils\src\etimer.o
                0x000138e8                etimer_expiration_time
 .text.etimer_stop
                0x00013908       0x24 build\dc_stk3600\utils\src\etimer.o
                0x00013908                etimer_stop
 .text._evproc_init
                0x0001392c       0xa8 build\dc_stk3600\utils\src\evproc.o
 .text._evproc_pushEvent
                0x000139d4       0x84 build\dc_stk3600\utils\src\evproc.o
 .text._evproc_lookupEvent
                0x00013a58       0x64 build\dc_stk3600\utils\src\evproc.o
                0x00013a58                _evproc_lookupEvent
 .text.evproc_regCallback
                0x00013abc       0xb4 build\dc_stk3600\utils\src\evproc.o
                0x00013abc                evproc_regCallback
 .text.evproc_putEvent
                0x00013b70      0x144 build\dc_stk3600\utils\src\evproc.o
                0x00013b70                evproc_putEvent
 .text.evproc_nextEvent
                0x00013cb4       0xac build\dc_stk3600\utils\src\evproc.o
                0x00013cb4                evproc_nextEvent
 .text.list_init
                0x00013d60       0x18 build\dc_stk3600\utils\src\list.o
                0x00013d60                list_init
 .text.list_head
                0x00013d78       0x18 build\dc_stk3600\utils\src\list.o
                0x00013d78                list_head
 .text.list_tail
                0x00013d90       0x38 build\dc_stk3600\utils\src\list.o
                0x00013d90                list_tail
 .text.list_add
                0x00013dc8       0x3c build\dc_stk3600\utils\src\list.o
                0x00013dc8                list_add
 .text.list_push
                0x00013e04       0x28 build\dc_stk3600\utils\src\list.o
                0x00013e04                list_push
 .text.list_pop
                0x00013e2c       0x30 build\dc_stk3600\utils\src\list.o
                0x00013e2c                list_pop
 .text.list_remove
                0x00013e5c       0x64 build\dc_stk3600\utils\src\list.o
                0x00013e5c                list_remove
 .text.list_length
                0x00013ec0       0x34 build\dc_stk3600\utils\src\list.o
                0x00013ec0                list_length
 .text.list_insert
                0x00013ef4       0x30 build\dc_stk3600\utils\src\list.o
                0x00013ef4                list_insert
 .text.list_item_next
                0x00013f24       0x24 build\dc_stk3600\utils\src\list.o
                0x00013f24                list_item_next
 .text.memb_init
                0x00013f48       0x3c build\dc_stk3600\utils\src\memb.o
                0x00013f48                memb_init
 .text.memb_alloc
                0x00013f84       0x60 build\dc_stk3600\utils\src\memb.o
                0x00013f84                memb_alloc
 .text.memb_free
                0x00013fe4       0x74 build\dc_stk3600\utils\src\memb.o
                0x00013fe4                memb_free
 .text.memb_inmemb
                0x00014058       0x40 build\dc_stk3600\utils\src\memb.o
                0x00014058                memb_inmemb
 .text.memb_numfree
                0x00014098       0x48 build\dc_stk3600\utils\src\memb.o
                0x00014098                memb_numfree
 .text.packetbuf_clear
                0x000140e0       0x3c build\dc_stk3600\utils\src\packetbuf.o
                0x000140e0                packetbuf_clear
 .text.packetbuf_copyfrom
                0x0001411c       0x44 build\dc_stk3600\utils\src\packetbuf.o
                0x0001411c                packetbuf_copyfrom
 .text.packetbuf_compact
                0x00014160       0x88 build\dc_stk3600\utils\src\packetbuf.o
                0x00014160                packetbuf_compact
 .text.packetbuf_copyto_hdr
                0x000141e8       0x3c build\dc_stk3600\utils\src\packetbuf.o
                0x000141e8                packetbuf_copyto_hdr
 .text.packetbuf_copyto
                0x00014224       0x88 build\dc_stk3600\utils\src\packetbuf.o
                0x00014224                packetbuf_copyto
 .text.packetbuf_hdralloc
                0x000142ac       0x48 build\dc_stk3600\utils\src\packetbuf.o
                0x000142ac                packetbuf_hdralloc
 .text.packetbuf_hdrreduce
                0x000142f4       0x50 build\dc_stk3600\utils\src\packetbuf.o
                0x000142f4                packetbuf_hdrreduce
 .text.packetbuf_set_datalen
                0x00014344       0x20 build\dc_stk3600\utils\src\packetbuf.o
                0x00014344                packetbuf_set_datalen
 .text.packetbuf_dataptr
                0x00014364       0x24 build\dc_stk3600\utils\src\packetbuf.o
                0x00014364                packetbuf_dataptr
 .text.packetbuf_hdrptr
                0x00014388       0x20 build\dc_stk3600\utils\src\packetbuf.o
                0x00014388                packetbuf_hdrptr
 .text.packetbuf_is_reference
                0x000143a8       0x2c build\dc_stk3600\utils\src\packetbuf.o
                0x000143a8                packetbuf_is_reference
 .text.packetbuf_reference_ptr
                0x000143d4       0x18 build\dc_stk3600\utils\src\packetbuf.o
                0x000143d4                packetbuf_reference_ptr
 .text.packetbuf_datalen
                0x000143ec       0x18 build\dc_stk3600\utils\src\packetbuf.o
                0x000143ec                packetbuf_datalen
 .text.packetbuf_hdrlen
                0x00014404       0x34 build\dc_stk3600\utils\src\packetbuf.o
                0x00014404                packetbuf_hdrlen
 .text.packetbuf_totlen
                0x00014438       0x1c build\dc_stk3600\utils\src\packetbuf.o
                0x00014438                packetbuf_totlen
 .text.packetbuf_attr_clear
                0x00014454       0x58 build\dc_stk3600\utils\src\packetbuf.o
                0x00014454                packetbuf_attr_clear
 .text.packetbuf_attr_copyto
                0x000144ac       0x38 build\dc_stk3600\utils\src\packetbuf.o
                0x000144ac                packetbuf_attr_copyto
 .text.packetbuf_attr_copyfrom
                0x000144e4       0x38 build\dc_stk3600\utils\src\packetbuf.o
                0x000144e4                packetbuf_attr_copyfrom
 .text.packetbuf_set_attr
                0x0001451c       0x2c build\dc_stk3600\utils\src\packetbuf.o
                0x0001451c                packetbuf_set_attr
 .text.packetbuf_attr
                0x00014548       0x24 build\dc_stk3600\utils\src\packetbuf.o
                0x00014548                packetbuf_attr
 .text.packetbuf_set_addr
                0x0001456c       0x2c build\dc_stk3600\utils\src\packetbuf.o
                0x0001456c                packetbuf_set_addr
 .text.packetbuf_addr
                0x00014598       0x24 build\dc_stk3600\utils\src\packetbuf.o
                0x00014598                packetbuf_addr
 .text.packetbuf_holds_broadcast
                0x000145bc       0x1c build\dc_stk3600\utils\src\packetbuf.o
                0x000145bc                packetbuf_holds_broadcast
 .text.queuebuf_load_to_ram
                0x000145d8       0x18 build\dc_stk3600\utils\src\queuebuf.o
 .text.queuebuf_init
                0x000145f0       0x24 build\dc_stk3600\utils\src\queuebuf.o
                0x000145f0                queuebuf_init
 .text.queuebuf_numfree
                0x00014614       0x2c build\dc_stk3600\utils\src\queuebuf.o
                0x00014614                queuebuf_numfree
 .text.queuebuf_new_from_packetbuf
                0x00014640       0xbc build\dc_stk3600\utils\src\queuebuf.o
                0x00014640                queuebuf_new_from_packetbuf
 .text.queuebuf_free
                0x000146fc       0x54 build\dc_stk3600\utils\src\queuebuf.o
                0x000146fc                queuebuf_free
 .text.queuebuf_to_packetbuf
                0x00014750       0xa0 build\dc_stk3600\utils\src\queuebuf.o
                0x00014750                queuebuf_to_packetbuf
 .text.random_init
                0x000147f0       0x18 build\dc_stk3600\utils\src\random.o
                0x000147f0                random_init
 .text.random_rand
                0x00014808       0x10 build\dc_stk3600\utils\src\random.o
                0x00014808                random_rand
 .text.stimer_set
                0x00014818       0x20 build\dc_stk3600\utils\src\stimer.o
                0x00014818                stimer_set
 .text.stimer_expired
                0x00014838       0x34 build\dc_stk3600\utils\src\stimer.o
                0x00014838                stimer_expired
 .text.stimer_remaining
                0x0001486c       0x24 build\dc_stk3600\utils\src\stimer.o
                0x0001486c                stimer_remaining
 .text.stimer_elapsed
                0x00014890       0x1c build\dc_stk3600\utils\src\stimer.o
                0x00014890                stimer_elapsed
 .text.timer_set
                0x000148ac       0x20 build\dc_stk3600\utils\src\timer.o
                0x000148ac                timer_set
 .text.timer_reset
                0x000148cc       0x20 build\dc_stk3600\utils\src\timer.o
                0x000148cc                timer_reset
 .text.timer_expired
                0x000148ec       0x48 build\dc_stk3600\utils\src\timer.o
                0x000148ec                timer_expired
 .text.BITBAND_Peripheral
                0x00014934       0x2c build\dc_stk3600\target\arch\arm\cm3\silabs\device\common\src\em_cmu.o
 .text.CMU_MaxFreqHfle
                0x00014960       0x8c build\dc_stk3600\target\arch\arm\cm3\silabs\device\common\src\em_cmu.o
 .text.CMU_FlashWaitStateMax
                0x000149ec       0x64 build\dc_stk3600\target\arch\arm\cm3\silabs\device\common\src\em_cmu.o
 .text.CMU_DivToLog2
                0x00014a50       0x3c build\dc_stk3600\target\arch\arm\cm3\silabs\device\common\src\em_cmu.o
 .text.CMU_FlashWaitStateControl
                0x00014a8c       0xcc build\dc_stk3600\target\arch\arm\cm3\silabs\device\common\src\em_cmu.o
 .text.CMU_USBCClkGet
                0x00014b58       0x4c build\dc_stk3600\target\arch\arm\cm3\silabs\device\common\src\em_cmu.o
 .text.CMU_AUXClkGet
                0x00014ba4       0x8c build\dc_stk3600\target\arch\arm\cm3\silabs\device\common\src\em_cmu.o
 .text.CMU_DBGClkGet
                0x00014c30       0x58 build\dc_stk3600\target\arch\arm\cm3\silabs\device\common\src\em_cmu.o
 .text.CMU_LFClkGet
                0x00014c88       0xb4 build\dc_stk3600\target\arch\arm\cm3\silabs\device\common\src\em_cmu.o
 .text.CMU_Sync
                0x00014d3c       0x34 build\dc_stk3600\target\arch\arm\cm3\silabs\device\common\src\em_cmu.o
 .text.CMU_ClockDivSet
                0x00014d70      0x244 build\dc_stk3600\target\arch\arm\cm3\silabs\device\common\src\em_cmu.o
                0x00014d70                CMU_ClockDivSet
 .text.CMU_ClockEnable
                0x00014fb4       0xe0 build\dc_stk3600\target\arch\arm\cm3\silabs\device\common\src\em_cmu.o
                0x00014fb4                CMU_ClockEnable
 .text.CMU_ClockFreqGet
                0x00015094      0x1fc build\dc_stk3600\target\arch\arm\cm3\silabs\device\common\src\em_cmu.o
                0x00015094                CMU_ClockFreqGet
 .text.CMU_ClockSelectGet
                0x00015290      0x154 build\dc_stk3600\target\arch\arm\cm3\silabs\device\common\src\em_cmu.o
                0x00015290                CMU_ClockSelectGet
 .text.CMU_ClockSelectSet
                0x000153e4      0x29c build\dc_stk3600\target\arch\arm\cm3\silabs\device\common\src\em_cmu.o
                0x000153e4                CMU_ClockSelectSet
 .text.CMU_OscillatorEnable
                0x00015680       0xc0 build\dc_stk3600\target\arch\arm\cm3\silabs\device\common\src\em_cmu.o
                0x00015680                CMU_OscillatorEnable
 .text.NVIC_EnableIRQ
                0x00015740       0x30 build\dc_stk3600\target\arch\arm\cm3\silabs\device\common\src\em_dma.o
 .text.NVIC_DisableIRQ
                0x00015770       0x34 build\dc_stk3600\target\arch\arm\cm3\silabs\device\common\src\em_dma.o
 .text.NVIC_ClearPendingIRQ
                0x000157a4       0x34 build\dc_stk3600\target\arch\arm\cm3\silabs\device\common\src\em_dma.o
 .text.BITBAND_Peripheral
                0x000157d8       0x2c build\dc_stk3600\target\arch\arm\cm3\silabs\device\common\src\em_dma.o
 .text.DMA_IRQHandler
                0x00015804       0xe0 build\dc_stk3600\target\arch\arm\cm3\silabs\device\common\src\em_dma.o
                0x00015804                DMA_IRQHandler
 .text.DMA_CfgChannel
                0x000158e4       0x90 build\dc_stk3600\target\arch\arm\cm3\silabs\device\common\src\em_dma.o
                0x000158e4                DMA_CfgChannel
 .text.DMA_Init
                0x00015974       0x54 build\dc_stk3600\target\arch\arm\cm3\silabs\device\common\src\em_dma.o
                0x00015974                DMA_Init
 .text.DMA_Reset
                0x000159c8       0x88 build\dc_stk3600\target\arch\arm\cm3\silabs\device\common\src\em_dma.o
                0x000159c8                DMA_Reset
 .text.EMU_UpdateOscConfig
                0x00015a50       0x20 build\dc_stk3600\target\arch\arm\cm3\silabs\device\common\src\em_emu.o
                0x00015a50                EMU_UpdateOscConfig
 .text.BITBAND_Peripheral
                0x00015a70       0x2c build\dc_stk3600\target\arch\arm\cm3\silabs\device\common\src\em_gpio.o
 .text.GPIO_IntConfig
                0x00015a9c       0xc4 build\dc_stk3600\target\arch\arm\cm3\silabs\device\common\src\em_gpio.o
                0x00015a9c                GPIO_IntConfig
 .text.GPIO_PinModeSet
                0x00015b60      0x144 build\dc_stk3600\target\arch\arm\cm3\silabs\device\common\src\em_gpio.o
                0x00015b60                GPIO_PinModeSet
 .text.BITBAND_Peripheral
                0x00015ca4       0x2c build\dc_stk3600\target\arch\arm\cm3\silabs\device\common\src\em_rtc.o
 .text.RTC_CompareGet
                0x00015cd0       0x3c build\dc_stk3600\target\arch\arm\cm3\silabs\device\common\src\em_rtc.o
                0x00015cd0                RTC_CompareGet
 .text.RTC_CompareSet
                0x00015d0c       0x4c build\dc_stk3600\target\arch\arm\cm3\silabs\device\common\src\em_rtc.o
                0x00015d0c                RTC_CompareSet
 .text.RTC_Enable
                0x00015d58       0x20 build\dc_stk3600\target\arch\arm\cm3\silabs\device\common\src\em_rtc.o
                0x00015d58                RTC_Enable
 .text.RTC_Init
                0x00015d78       0x50 build\dc_stk3600\target\arch\arm\cm3\silabs\device\common\src\em_rtc.o
                0x00015d78                RTC_Init
 .text.RTC_CounterReset
                0x00015dc8       0x14 build\dc_stk3600\target\arch\arm\cm3\silabs\device\common\src\em_rtc.o
                0x00015dc8                RTC_CounterReset
 .text.SYSTEM_ChipRevisionGet
                0x00015ddc       0x74 build\dc_stk3600\target\arch\arm\cm3\silabs\device\common\src\em_system.o
                0x00015ddc                SYSTEM_ChipRevisionGet
 .text.TIMER_Init
                0x00015e50      0x10c build\dc_stk3600\target\arch\arm\cm3\silabs\device\common\src\em_timer.o
                0x00015e50                TIMER_Init
 .text.USART_BaudrateSyncSet
                0x00015f5c       0x6c build\dc_stk3600\target\arch\arm\cm3\silabs\device\common\src\em_usart.o
                0x00015f5c                USART_BaudrateSyncSet
 .text.USART_InitSync
                0x00015fc8       0xc4 build\dc_stk3600\target\arch\arm\cm3\silabs\device\common\src\em_usart.o
                0x00015fc8                USART_InitSync
 .text.USART_Reset
                0x0001608c       0xb0 build\dc_stk3600\target\arch\arm\cm3\silabs\device\common\src\em_usart.o
                0x0001608c                USART_Reset
 .text.USART_SpiTransfer
                0x0001613c       0x40 build\dc_stk3600\target\arch\arm\cm3\silabs\device\common\src\em_usart.o
                0x0001613c                USART_SpiTransfer
 .text.BITBAND_Peripheral
                0x0001617c       0x2c build\dc_stk3600\target\arch\arm\cm3\silabs\device\common\src\em_wdog.o
 .text.WDOG_Enable
                0x000161a8       0x3c build\dc_stk3600\target\arch\arm\cm3\silabs\device\common\src\em_wdog.o
                0x000161a8                WDOG_Enable
 .text.WDOG_Feed
                0x000161e4       0x40 build\dc_stk3600\target\arch\arm\cm3\silabs\device\common\src\em_wdog.o
                0x000161e4                WDOG_Feed
 .text.WDOG_Init
                0x00016224       0xbc build\dc_stk3600\target\arch\arm\cm3\silabs\device\common\src\em_wdog.o
                0x00016224                WDOG_Init
 .text.WDOG_Lock
                0x000162e0       0x24 build\dc_stk3600\target\arch\arm\cm3\silabs\device\common\src\em_wdog.o
                0x000162e0                WDOG_Lock
 .text.NVIC_EnableIRQ
                0x00016304       0x30 build\dc_stk3600\target\arch\arm\cm3\silabs\device\common\src\gpiointerrupt.o
 .text.NVIC_ClearPendingIRQ
                0x00016334       0x34 build\dc_stk3600\target\arch\arm\cm3\silabs\device\common\src\gpiointerrupt.o
 .text.GPIO_IntClear
                0x00016368       0x20 build\dc_stk3600\target\arch\arm\cm3\silabs\device\common\src\gpiointerrupt.o
 .text.GPIO_IntGetEnabled
                0x00016388       0x28 build\dc_stk3600\target\arch\arm\cm3\silabs\device\common\src\gpiointerrupt.o
 .text.INT_Disable
                0x000163b0       0x2c build\dc_stk3600\target\arch\arm\cm3\silabs\device\common\src\gpiointerrupt.o
 .text.INT_Enable
                0x000163dc       0x3c build\dc_stk3600\target\arch\arm\cm3\silabs\device\common\src\gpiointerrupt.o
 .text.GPIOINT_Init
                0x00016418       0x20 build\dc_stk3600\target\arch\arm\cm3\silabs\device\common\src\gpiointerrupt.o
                0x00016418                GPIOINT_Init
 .text.GPIOINT_CallbackRegister
                0x00016438       0x28 build\dc_stk3600\target\arch\arm\cm3\silabs\device\common\src\gpiointerrupt.o
                0x00016438                GPIOINT_CallbackRegister
 .text.GPIOINT_IRQDispatcher
                0x00016460       0x68 build\dc_stk3600\target\arch\arm\cm3\silabs\device\common\src\gpiointerrupt.o
 .text.GPIO_EVEN_IRQHandler
                0x000164c8       0x28 build\dc_stk3600\target\arch\arm\cm3\silabs\device\common\src\gpiointerrupt.o
                0x000164c8                GPIO_EVEN_IRQHandler
 .text.GPIO_ODD_IRQHandler
                0x000164f0       0x28 build\dc_stk3600\target\arch\arm\cm3\silabs\device\common\src\gpiointerrupt.o
                0x000164f0                GPIO_ODD_IRQHandler
 .text.NVIC_EnableIRQ
                0x00016518       0x30 build\dc_stk3600\target\arch\arm\cm3\silabs\device\common\src\rtcdriver.o
 .text.NVIC_ClearPendingIRQ
                0x00016548       0x34 build\dc_stk3600\target\arch\arm\cm3\silabs\device\common\src\rtcdriver.o
 .text.INT_Disable
                0x0001657c       0x2c build\dc_stk3600\target\arch\arm\cm3\silabs\device\common\src\rtcdriver.o
 .text.INT_Enable
                0x000165a8       0x3c build\dc_stk3600\target\arch\arm\cm3\silabs\device\common\src\rtcdriver.o
 .text.RTC_CounterGet
                0x000165e4       0x18 build\dc_stk3600\target\arch\arm\cm3\silabs\device\common\src\rtcdriver.o
 .text.RTC_IntClear
                0x000165fc       0x1c build\dc_stk3600\target\arch\arm\cm3\silabs\device\common\src\rtcdriver.o
 .text.RTC_IntDisable
                0x00016618       0x24 build\dc_stk3600\target\arch\arm\cm3\silabs\device\common\src\rtcdriver.o
 .text.RTC_IntEnable
                0x0001663c       0x24 build\dc_stk3600\target\arch\arm\cm3\silabs\device\common\src\rtcdriver.o
 .text.RTC_IntGet
                0x00016660       0x18 build\dc_stk3600\target\arch\arm\cm3\silabs\device\common\src\rtcdriver.o
 .text.RTCDRV_AllocateTimer
                0x00016678       0x88 build\dc_stk3600\target\arch\arm\cm3\silabs\device\common\src\rtcdriver.o
                0x00016678                RTCDRV_AllocateTimer
 .text.RTCDRV_Init
                0x00016700       0xa0 build\dc_stk3600\target\arch\arm\cm3\silabs\device\common\src\rtcdriver.o
                0x00016700                RTCDRV_Init
 .text.RTCDRV_StopTimer
                0x000167a0       0x68 build\dc_stk3600\target\arch\arm\cm3\silabs\device\common\src\rtcdriver.o
                0x000167a0                RTCDRV_StopTimer
 .text.RTC_IRQHandler
                0x00016808       0xa4 build\dc_stk3600\target\arch\arm\cm3\silabs\device\common\src\rtcdriver.o
                0x00016808                RTC_IRQHandler
 .text.checkAllTimers